Component: ARM Compiler 5.06 update 4 (build 422) Tool: armlink [4d35d2]

==============================================================================

Section Cross References

    startup_stm32f103xe.o(RESET) refers to startup_stm32f103xe.o(STACK) for __initial_sp
    startup_stm32f103xe.o(RESET) refers to startup_stm32f103xe.o(.text) for Reset_Handler
    startup_stm32f103xe.o(RESET) refers to stm32f1xx_it.o(i.NMI_Handler) for NMI_Handler
    startup_stm32f103xe.o(RESET) refers to stm32f1xx_it.o(i.HardFault_Handler) for HardFault_Handler
    startup_stm32f103xe.o(RESET) refers to stm32f1xx_it.o(i.MemManage_Handler) for MemManage_Handler
    startup_stm32f103xe.o(RESET) refers to stm32f1xx_it.o(i.BusFault_Handler) for BusFault_Handler
    startup_stm32f103xe.o(RESET) refers to stm32f1xx_it.o(i.UsageFault_Handler) for UsageFault_Handler
    startup_stm32f103xe.o(RESET) refers to port.o(.emb_text) for SVC_Handler
    startup_stm32f103xe.o(RESET) refers to stm32f1xx_it.o(i.DebugMon_Handler) for DebugMon_Handler
    startup_stm32f103xe.o(RESET) refers to port.o(i.SysTick_Handler) for SysTick_Handler
    startup_stm32f103xe.o(RESET) refers to stm32f1xx_it.o(i.EXTI0_IRQHandler) for EXTI0_IRQHandler
    startup_stm32f103xe.o(RESET) refers to stm32f1xx_it.o(i.DMA1_Channel6_IRQHandler) for DMA1_Channel6_IRQHandler
    startup_stm32f103xe.o(RESET) refers to stm32f1xx_it.o(i.TIM3_IRQHandler) for TIM3_IRQHandler
    startup_stm32f103xe.o(RESET) refers to stm32f1xx_it.o(i.USART2_IRQHandler) for USART2_IRQHandler
    startup_stm32f103xe.o(RESET) refers to stm32f1xx_it.o(i.USART3_IRQHandler) for USART3_IRQHandler
    startup_stm32f103xe.o(RESET) refers to stm32f1xx_it.o(i.EXTI15_10_IRQHandler) for EXTI15_10_IRQHandler
    startup_stm32f103xe.o(.text) refers to system_stm32f1xx.o(i.SystemInit) for SystemInit
    startup_stm32f103xe.o(.text) refers to entry.o(.ARM.Collect$$$$00000000) for __main
    context.o(i.nmea_error) refers to printfa.o(i.__0vsnprintf) for vsnprintf
    context.o(i.nmea_error) refers to context.o(.data) for .data
    context.o(i.nmea_info) refers to printfa.o(i.__0vsnprintf) for vsnprintf
    context.o(i.nmea_info) refers to context.o(.data) for .data
    context.o(i.nmea_property) refers to context.o(.data) for .data
    context.o(i.nmea_trace) refers to printfa.o(i.__0vsnprintf) for vsnprintf
    context.o(i.nmea_trace) refers to context.o(.data) for .data
    context.o(i.nmea_trace_buff) refers to context.o(.data) for .data
    generate.o(i.nmea_gen_GPGGA) refers to tok.o(i.nmea_printf) for nmea_printf
    generate.o(i.nmea_gen_GPGGA) refers to generate.o(.conststring) for .conststring
    generate.o(i.nmea_gen_GPGSA) refers to tok.o(i.nmea_printf) for nmea_printf
    generate.o(i.nmea_gen_GPGSA) refers to generate.o(.conststring) for .conststring
    generate.o(i.nmea_gen_GPGSV) refers to tok.o(i.nmea_printf) for nmea_printf
    generate.o(i.nmea_gen_GPGSV) refers to generate.o(.conststring) for .conststring
    generate.o(i.nmea_gen_GPRMC) refers to tok.o(i.nmea_printf) for nmea_printf
    generate.o(i.nmea_gen_GPRMC) refers to generate.o(.conststring) for .conststring
    generate.o(i.nmea_gen_GPVTG) refers to tok.o(i.nmea_printf) for nmea_printf
    generate.o(i.nmea_generate) refers to generate.o(i.nmea_info2GPGGA) for nmea_info2GPGGA
    generate.o(i.nmea_generate) refers to generate.o(i.nmea_gen_GPGGA) for nmea_gen_GPGGA
    generate.o(i.nmea_generate) refers to generate.o(i.nmea_info2GPGSA) for nmea_info2GPGSA
    generate.o(i.nmea_generate) refers to generate.o(i.nmea_gen_GPGSA) for nmea_gen_GPGSA
    generate.o(i.nmea_generate) refers to generate.o(i.nmea_gsv_npack) for nmea_gsv_npack
    generate.o(i.nmea_generate) refers to generate.o(i.nmea_info2GPGSV) for nmea_info2GPGSV
    generate.o(i.nmea_generate) refers to generate.o(i.nmea_gen_GPGSV) for nmea_gen_GPGSV
    generate.o(i.nmea_generate) refers to generate.o(i.nmea_info2GPRMC) for nmea_info2GPRMC
    generate.o(i.nmea_generate) refers to generate.o(i.nmea_gen_GPRMC) for nmea_gen_GPRMC
    generate.o(i.nmea_generate) refers to generate.o(i.nmea_info2GPVTG) for nmea_info2GPVTG
    generate.o(i.nmea_generate) refers to generate.o(i.nmea_gen_GPVTG) for nmea_gen_GPVTG
    generate.o(i.nmea_gsv_npack) refers to dflti.o(.text) for __aeabi_i2d
    generate.o(i.nmea_gsv_npack) refers to dscalb.o(.text) for __ARM_scalbn
    generate.o(i.nmea_gsv_npack) refers to ceil.o(i.ceil) for ceil
    generate.o(i.nmea_gsv_npack) refers to dfixi.o(.text) for __aeabi_d2iz
    generate.o(i.nmea_info2GPGGA) refers to sentence.o(i.nmea_zero_GPGGA) for nmea_zero_GPGGA
    generate.o(i.nmea_info2GPGGA) refers to memcpya.o(.text) for __aeabi_memcpy4
    generate.o(i.nmea_info2GPGGA) refers to cdrcmple.o(.text) for __aeabi_cdrcmple
    generate.o(i.nmea_info2GPGSA) refers to sentence.o(i.nmea_zero_GPGSA) for nmea_zero_GPGSA
[...]
    __rt_final_cpp                           0x08000141   Thumb Code     0  entry10a.o(.ARM.Collect$$$$0000000D)
    __rt_final_exit                          0x08000141   Thumb Code     0  entry11a.o(.ARM.Collect$$$$0000000F)
    SVC_Handler                              0x08000145   Thumb Code    32  port.o(.emb_text)
    __asm___6_port_c_39a90d8d__prvStartFirstTask 0x08000169   Thumb Code    28  port.o(.emb_text)
    PendSV_Handler                           0x08000189   Thumb Code    72  port.o(.emb_text)
    vPortGetIPSR                             0x080001d5   Thumb Code     6  port.o(.emb_text)
    Reset_Handler                            0x080001dd   Thumb Code     8  startup_stm32f103xe.o(.text)
    ADC1_2_IRQHandler                        0x080001f7   Thumb Code     0  startup_stm32f103xe.o(.text)
    ADC3_IRQHandler                          0x080001f7   Thumb Code     0  startup_stm32f103xe.o(.text)
    CAN1_RX1_IRQHandler                      0x080001f7   Thumb Code     0  startup_stm32f103xe.o(.text)
    CAN1_SCE_IRQHandler                      0x080001f7   Thumb Code     0  startup_stm32f103xe.o(.text)
    DMA1_Channel1_IRQHandler                 0x080001f7   Thumb Code     0  startup_stm32f103xe.o(.text)
    DMA1_Channel2_IRQHandler                 0x080001f7   Thumb Code     0  startup_stm32f103xe.o(.text)
    DMA1_Channel3_IRQHandler                 0x080001f7   Thumb Code     0  startup_stm32f103xe.o(.text)
    DMA1_Channel4_IRQHandler                 0x080001f7   Thumb Code     0  startup_stm32f103xe.o(.text)
    DMA1_Channel5_IRQHandler                 0x080001f7   Thumb Code     0  startup_stm32f103xe.o(.text)
    DMA1_Channel7_IRQHandler                 0x080001f7   Thumb Code     0  startup_stm32f103xe.o(.text)
    DMA2_Channel1_IRQHandler                 0x080001f7   Thumb Code     0  startup_stm32f103xe.o(.text)
    DMA2_Channel2_IRQHandler                 0x080001f7   Thumb Code     0  startup_stm32f103xe.o(.text)
    DMA2_Channel3_IRQHandler                 0x080001f7   Thumb Code     0  startup_stm32f103xe.o(.text)
    DMA2_Channel4_5_IRQHandler               0x080001f7   Thumb Code     0  startup_stm32f103xe.o(.text)
    EXTI1_IRQHandler                         0x080001f7   Thumb Code     0  startup_stm32f103xe.o(.text)
    EXTI2_IRQHandler                         0x080001f7   Thumb Code     0  startup_stm32f103xe.o(.text)
    EXTI3_IRQHandler                         0x080001f7   Thumb Code     0  startup_stm32f103xe.o(.text)
    EXTI4_IRQHandler                         0x080001f7   Thumb Code     0  startup_stm32f103xe.o(.text)
    EXTI9_5_IRQHandler                       0x080001f7   Thumb Code     0  startup_stm32f103xe.o(.text)
    FLASH_IRQHandler                         0x080001f7   Thumb Code     0  startup_stm32f103xe.o(.text)
    FSMC_IRQHandler                          0x080001f7   Thumb Code     0  startup_stm32f103xe.o(.text)
    I2C1_ER_IRQHandler                       0x080001f7   Thumb Code     0  startup_stm32f103xe.o(.text)
    I2C1_EV_IRQHandler                       0x080001f7   Thumb Code     0  startup_stm32f103xe.o(.text)
    I2C2_ER_IRQHandler                       0x080001f7   Thumb Code     0  startup_stm32f103xe.o(.text)
    I2C2_EV_IRQHandler                       0x080001f7   Thumb Code     0  startup_stm32f103xe.o(.text)
    PVD_IRQHandler                           0x080001f7   Thumb Code     0  startup_stm32f103xe.o(.text)
    RCC_IRQHandler                           0x080001f7   Thumb Code     0  startup_stm32f103xe.o(.text)
    RTC_Alarm_IRQHandler                     0x080001f7   Thumb Code     0  startup_stm32f103xe.o(.text)
    RTC_IRQHandler                           0x080001f7   Thumb Code     0  startup_stm32f103xe.o(.text)
    SDIO_IRQHandler                          0x080001f7   Thumb Code     0  startup_stm32f103xe.o(.text)
    SPI1_IRQHandler                          0x080001f7   Thumb Code     0  startup_stm32f103xe.o(.text)
    SPI2_IRQHandler                          0x080001f7   Thumb Code     0  startup_stm32f103xe.o(.text)
    SPI3_IRQHandler                          0x080001f7   Thumb Code     0  startup_stm32f103xe.o(.text)
    TAMPER_IRQHandler                        0x080001f7   Thumb Code     0  startup_stm32f103xe.o(.text)
    TIM1_BRK_IRQHandler                      0x080001f7   Thumb Code     0  startup_stm32f103xe.o(.text)
    TIM1_CC_IRQHandler                       0x080001f7   Thumb Code     0  startup_stm32f103xe.o(.text)
    TIM1_TRG_COM_IRQHandler                  0x080001f7   Thumb Code     0  startup_stm32f103xe.o(.text)
    TIM1_UP_IRQHandler                       0x080001f7   Thumb Code     0  startup_stm32f103xe.o(.text)
    TIM2_IRQHandler                          0x080001f7   Thumb Code     0  startup_stm32f103xe.o(.text)
    TIM4_IRQHandler                          0x080001f7   Thumb Code     0  startup_stm32f103xe.o(.text)
    TIM5_IRQHandler                          0x080001f7   Thumb Code     0  startup_stm32f103xe.o(.text)
    TIM6_IRQHandler                          0x080001f7   Thumb Code     0  startup_stm32f103xe.o(.text)
    TIM7_IRQHandler                          0x080001f7   Thumb Code     0  startup_stm32f103xe.o(.text)
    TIM8_BRK_IRQHandler                      0x080001f7   Thumb Code     0  startup_stm32f103xe.o(.text)
    TIM8_CC_IRQHandler                       0x080001f7   Thumb Code     0  startup_stm32f103xe.o(.text)
    TIM8_TRG_COM_IRQHandler                  0x080001f7   Thumb Code     0  startup_stm32f103xe.o(.text)
    TIM8_UP_IRQHandler                       0x080001f7   Thumb Code     0  startup_stm32f103xe.o(.text)
    UART4_IRQHandler                         0x080001f7   Thumb Code     0  startup_stm32f103xe.o(.text)
    UART5_IRQHandler                         0x080001f7   Thumb Code     0  startup_stm32f103xe.o(.text)
    USART1_IRQHandler                        0x080001f7   Thumb Code     0  startup_stm32f103xe.o(.text)
    USBWakeUp_IRQHandler                     0x080001f7   Thumb Code     0  startup_stm32f103xe.o(.text)
    USB_HP_CAN1_TX_IRQHandler                0x080001f7   Thumb Code     0  startup_stm32f103xe.o(.text)
    USB_LP_CAN1_RX0_IRQHandler               0x080001f7   Thumb Code     0  startup_stm32f103xe.o(.text)
    WWDG_IRQHandler                          0x080001f7   Thumb Code     0  startup_stm32f103xe.o(.text)
    __aeabi_llsr                             0x08000201   Thumb Code    32  llushr.o(.text)
    _ll_ushift_r                             0x08000201   Thumb Code     0  llushr.o(.text)
    __rt_ctype_table                         0x08000221   Thumb Code     4  ctype_o.o(.text)
    isspace                                  0x08000229   Thumb Code    18  isspace_o.o(.text)
    __aeabi_memcpy                           0x0800023b   Thumb Code    36  memcpya.o(.text)
    __aeabi_memcpy4                          0x0800023b   Thumb Code     0  memcpya.o(.text)
    __aeabi_memcpy8                          0x0800023b   Thumb Code     0  memcpya.o(.text)
    __aeabi_memset                           0x0800025f   Thumb Code    14  memseta.o(.text)
    __aeabi_memset4                          0x0800025f   Thumb Code     0  memseta.o(.text)
    __aeabi_memset8                          0x0800025f   Thumb Code     0  memseta.o(.text)
    __aeabi_memclr                           0x0800026d   Thumb Code     4  memseta.o(.text)
    __aeabi_memclr4                          0x0800026d   Thumb Code     0  memseta.o(.text)
    __aeabi_memclr8                          0x0800026d   Thumb Code     0  memseta.o(.text)
    _memset$wrapper                          0x08000271   Thumb Code    18  memseta.o(.text)
    strstr                                   0x08000283   Thumb Code    36  strstr.o(.text)
    strlen                                   0x080002a7   Thumb Code    14  strlen.o(.text)
    strcmp                                   0x080002b5   Thumb Code    28  strcmp.o(.text)
    memchr                                   0x080002d1   Thumb Code    20  memchr.o(.text)
    memcmp                                   0x080002e5   Thumb Code    26  memcmp.o(.text)
    strtol                                   0x080002ff   Thumb Code   112  strtol.o(.text)
    __aeabi_fadd                             0x0800036f   Thumb Code   164  fadd.o(.text)
    __aeabi_fsub                             0x08000413   Thumb Code     6  fadd.o(.text)
    __aeabi_frsub                            0x08000419   Thumb Code     6  fadd.o(.text)
    __aeabi_fmul                             0x0800041f   Thumb Code   100  fmul.o(.text)
    __aeabi_dadd                             0x08000483   Thumb Code   322  dadd.o(.text)
    __aeabi_dsub                             0x080005c5   Thumb Code     6  dadd.o(.text)
    __aeabi_drsub                            0x080005cb   Thumb Code     6  dadd.o(.text)
    __aeabi_dmul                             0x080005d1   Thumb Code   228  dmul.o(.text)
    __aeabi_ddiv                             0x080006b5   Thumb Code   222  ddiv.o(.text)
    __aeabi_i2f                              0x08000793   Thumb Code    18  fflti.o(.text)
    __aeabi_i2d                              0x080007a5   Thumb Code    34  dflti.o(.text)
    __aeabi_f2iz                             0x080007c7   Thumb Code    50  ffixi.o(.text)
    __aeabi_d2iz                             0x080007f9   Thumb Code    62  dfixi.o(.text)
    __aeabi_cdrcmple                         0x08000839   Thumb Code    48  cdrcmple.o(.text)
    __aeabi_uidiv                            0x08000869   Thumb Code     0  uidiv.o(.text)
    __aeabi_uidivmod                         0x08000869   Thumb Code    44  uidiv.o(.text)
    __aeabi_uldivmod                         0x08000895   Thumb Code    98  uldiv.o(.text)
    __aeabi_llsl                             0x080008f7   Thumb Code    30  llshl.o(.text)
    _ll_shift_l                              0x080008f7   Thumb Code     0  llshl.o(.text)
    __aeabi_lasr                             0x08000915   Thumb Code    36  llsshr.o(.text)
    _ll_sshift_r                             0x08000915   Thumb Code     0  llsshr.o(.text)
    _strtoul                                 0x08000939   Thumb Code   158  _strtoul.o(.text)
    __strtod_int                             0x08000a0f   Thumb Code    90  strtod.o(.text)
    __I$use$fp                               0x08000a75   Thumb Code     0  iusefp.o(.text)
    _float_round                             0x08000a75   Thumb Code    18  fepilogue.o(.text)
    _float_epilogue                          0x08000a87   Thumb Code    92  fepilogue.o(.text)
    _double_round                            0x08000ae3   Thumb Code    30  depilogue.o(.text)
    _double_epilogue                         0x08000b01   Thumb Code   156  depilogue.o(.text)
    __aeabi_d2ulz                            0x08000b9d   Thumb Code    48  dfixul.o(.text)
    __scatterload                            0x08000bcd   Thumb Code    28  init.o(.text)
    __scatterload_rt2                        0x08000bcd   Thumb Code     0  init.o(.text)
    _chval                                   0x08000bf1   Thumb Code    28  _chval.o(.text)
    _scanf_real                              0x08000d0d   Thumb Code     0  scanf_fp.o(.text)
    _scanf_really_real                       0x08000d0d   Thumb Code   556  scanf_fp.o(.text)
    _sgetc                                   0x08000f45   Thumb Code    30  _sgetc.o(.text)
    _sbackspace                              0x08000f63   Thumb Code    34  _sgetc.o(.text)
    __aeabi_ul2d                             0x08000f85   Thumb Code    24  dfltul.o(.text)
    __aeabi_d2f                              0x08000f9d   Thumb Code    56  d2f.o(.text)
    __decompress                             0x08000fd5   Thumb Code     0  __dczerorl2.o(.text)
    __decompress1                            0x08000fd5   Thumb Code    86  __dczerorl2.o(.text)
    ADC_ConversionStop_Disable               0x0800102d   Thumb Code    76  stm32f1xx_hal_adc.o(i.ADC_ConversionStop_Disable)
    ADC_Enable                               0x08001079   Thumb Code   104  stm32f1xx_hal_adc.o(i.ADC_Enable)
    BEEP_Off                                 0x080010e9   Thumb Code    12  beep.o(i.BEEP_Off)
    BEEP_On                                  0x080010f9   Thumb Code    10  beep.o(i.BEEP_On)
    BusFault_Handler                         0x08001109   Thumb Code     2  stm32f1xx_it.o(i.BusFault_Handler)
    DHT11_Init                               0x0800110d   Thumb Code    38  dht11.o(i.DHT11_Init)
    DHT11_ReadData                           0x0800113d   Thumb Code   622  dht11.o(i.DHT11_ReadData)
    DMA1_Channel6_IRQHandler                 0x080013d1   Thumb Code     6  stm32f1xx_it.o(i.DMA1_Channel6_IRQHandler)
    DebugMon_Handler                         0x08001407   Thumb Code     2  stm32f1xx_it.o(i.DebugMon_Handler)
    Delay                                    0x08001409   Thumb Code    16  lcd.o(i.Delay)
    ESP8266_Cmd                              0x08001419   Thumb Code    90  esp8266.o(i.ESP8266_Cmd)
    ESP8266_Enable                           0x08001485   Thumb Code    36  esp8266.o(i.ESP8266_Enable)
    ESP8266_ExitUnvarnishSend                0x080014ad   Thumb Code    30  esp8266.o(i.ESP8266_ExitUnvarnishSend)
    ESP8266_Init                             0x080014d5   Thumb Code    10  esp8266.o(i.ESP8266_Init)
    ESP8266_JoinAP                           0x080014e9   Thumb Code    34  esp8266.o(i.ESP8266_JoinAP)
    ESP8266_Link_Server                      0x08001525   Thumb Code    96  esp8266.o(i.ESP8266_Link_Server)
    ESP8266_Net_Mode_Choose                  0x080015d5   Thumb Code    44  esp8266.o(i.ESP8266_Net_Mode_Choose)
    ESP8266_SendString                       0x08001635   Thumb Code    84  esp8266.o(i.ESP8266_SendString)
    EXTI0_IRQHandler                         0x080016c1   Thumb Code    30  stm32f1xx_it.o(i.EXTI0_IRQHandler)
    EXTI15_10_IRQHandler                     0x080016e5   Thumb Code    32  stm32f1xx_it.o(i.EXTI15_10_IRQHandler)
    Error_Handler                            0x08001709   Thumb Code     2  main.o(i.Error_Handler)
    FSMC_NORSRAM_Extended_Timing_Init        0x0800170d   Thumb Code    56  stm32f1xx_ll_fsmc.o(i.FSMC_NORSRAM_Extended_Timing_Init)
    FSMC_NORSRAM_Init                        0x08001749   Thumb Code   148  stm32f1xx_ll_fsmc.o(i.FSMC_NORSRAM_Init)
    FSMC_NORSRAM_Timing_Init                 0x080017e1   Thumb Code    64  stm32f1xx_ll_fsmc.o(i.FSMC_NORSRAM_Timing_Init)
    GPS_Decode                               0x08001825   Thumb Code   206  neo6m.o(i.GPS_Decode)
    GPS_Error                                0x080019b1   Thumb Code     2  neo6m.o(i.GPS_Error)
    GPS_GMTconvert                           0x080019b3   Thumb Code   282  neo6m.o(i.GPS_GMTconvert)
    GPS_Info                                 0x08001acd   Thumb Code    42  neo6m.o(i.GPS_Info)
    GPS_Init                                 0x08001b0d   Thumb Code    12  neo6m.o(i.GPS_Init)
    GPS_Trace                                0x08001b21   Thumb Code     2  neo6m.o(i.GPS_Trace)
    HAL_ADCEx_Calibration_Start              0x08001b25   Thumb Code   194  stm32f1xx_hal_adc_ex.o(i.HAL_ADCEx_Calibration_Start)
    HAL_ADC_ConfigChannel                    0x08001bed   Thumb Code   240  stm32f1xx_hal_adc.o(i.HAL_ADC_ConfigChannel)
    HAL_ADC_GetValue                         0x08001ce9   Thumb Code     6  stm32f1xx_hal_adc.o(i.HAL_ADC_GetValue)
    HAL_ADC_Init                             0x08001cf1   Thumb Code   272  stm32f1xx_hal_adc.o(i.HAL_ADC_Init)
    HAL_ADC_MspInit                          0x08001e11   Thumb Code    76  adc.o(i.HAL_ADC_MspInit)
    HAL_ADC_PollForConversion                0x08001e69   Thumb Code   290  stm32f1xx_hal_adc.o(i.HAL_ADC_PollForConversion)
    HAL_ADC_Start                            0x08001f99   Thumb Code   184  stm32f1xx_hal_adc.o(i.HAL_ADC_Start)
    HAL_DMA_Abort_IT                         0x08002059   Thumb Code   296  stm32f1xx_hal_dma.o(i.HAL_DMA_Abort_IT)
    HAL_DMA_IRQHandler                       0x08002189   Thumb Code   552  stm32f1xx_hal_dma.o(i.HAL_DMA_IRQHandler)
    HAL_DMA_Init                             0x080023d1   Thumb Code   112  stm32f1xx_hal_dma.o(i.HAL_DMA_Init)
    HAL_DMA_Start_IT                         0x0800244d   Thumb Code   112  stm32f1xx_hal_dma.o(i.HAL_DMA_Start_IT)
    HAL_GPIO_EXTI_Callback                   0x08002525   Thumb Code     2  stm32f1xx_hal_gpio.o(i.HAL_GPIO_EXTI_Callback)
    HAL_GPIO_EXTI_IRQHandler                 0x08002529   Thumb Code    18  stm32f1xx_hal_gpio.o(i.HAL_GPIO_EXTI_IRQHandler)
    HAL_GPIO_Init                            0x08002541   Thumb Code   446  stm32f1xx_hal_gpio.o(i.HAL_GPIO_Init)
    HAL_GPIO_ReadPin                         0x08002729   Thumb Code    10  stm32f1xx_hal_gpio.o(i.HAL_GPIO_ReadPin)
    HAL_GPIO_WritePin                        0x08002733   Thumb Code    10  stm32f1xx_hal_gpio.o(i.HAL_GPIO_WritePin)
    HAL_GetTick                              0x0800273d   Thumb Code     6  stm32f1xx_hal.o(i.HAL_GetTick)
    HAL_IncTick                              0x08002749   Thumb Code    12  stm32f1xx_hal.o(i.HAL_IncTick)
    HAL_Init                                 0x08002759   Thumb Code    32  stm32f1xx_hal.o(i.HAL_Init)
    HAL_InitTick                             0x0800277d   Thumb Code   100  stm32f1xx_hal_timebase_tim.o(i.HAL_InitTick)
    HAL_MspInit                              0x080027f1   Thumb Code    62  stm32f1xx_hal_msp.o(i.HAL_MspInit)
    HAL_NVIC_EnableIRQ                       0x08002839   Thumb Code    22  stm32f1xx_hal_cortex.o(i.HAL_NVIC_EnableIRQ)
    HAL_NVIC_SetPriority                     0x08002851   Thumb Code    60  stm32f1xx_hal_cortex.o(i.HAL_NVIC_SetPriority)
    HAL_NVIC_SetPriorityGrouping             0x08002891   Thumb Code    26  stm32f1xx_hal_cortex.o(i.HAL_NVIC_SetPriorityGrouping)
    HAL_RCCEx_GetPeriphCLKFreq               0x080028b5   Thumb Code   180  stm32f1xx_hal_rcc_ex.o(i.HAL_RCCEx_GetPeriphCLKFreq)
    HAL_RCCEx_PeriphCLKConfig                0x08002989   Thumb Code   224  stm32f1xx_hal_rcc_ex.o(i.HAL_RCCEx_PeriphCLKConfig)
    HAL_RCC_ClockConfig                      0x08002a75   Thumb Code   346  stm32f1xx_hal_rcc.o(i.HAL_RCC_ClockConfig)
    HAL_RCC_GetClockConfig                   0x08002be1   Thumb Code    54  stm32f1xx_hal_rcc.o(i.HAL_RCC_GetClockConfig)
    HAL_RCC_GetPCLK1Freq                     0x08002c21   Thumb Code    20  stm32f1xx_hal_rcc.o(i.HAL_RCC_GetPCLK1Freq)
    HAL_RCC_GetPCLK2Freq                     0x08002c41   Thumb Code    20  stm32f1xx_hal_rcc.o(i.HAL_RCC_GetPCLK2Freq)
    HAL_RCC_GetSysClockFreq                  0x08002c61   Thumb Code    74  stm32f1xx_hal_rcc.o(i.HAL_RCC_GetSysClockFreq)
    HAL_RCC_OscConfig                        0x08002ccd   Thumb Code   750  stm32f1xx_hal_rcc.o(i.HAL_RCC_OscConfig)
    HAL_SPI_Init                             0x08002fd1   Thumb Code   130  stm32f1xx_hal_spi_ex.o(i.HAL_SPI_Init)
    HAL_SPI_MspInit                          0x08003055   Thumb Code    98  spi.o(i.HAL_SPI_MspInit)
    HAL_SRAM_Init                            0x080030c5   Thumb Code    86  stm32f1xx_hal_sram.o(i.HAL_SRAM_Init)
    HAL_SRAM_MspInit                         0x0800311b   Thumb Code     4  fsmc.o(i.HAL_SRAM_MspInit)
    HAL_TIMEx_BreakCallback                  0x0800311f   Thumb Code     2  stm32f1xx_hal_tim_ex.o(i.HAL_TIMEx_BreakCallback)
    HAL_TIMEx_CommutationCallback            0x08003121   Thumb Code     2  stm32f1xx_hal_tim_ex.o(i.HAL_TIMEx_CommutationCallback)
    HAL_TIM_Base_Init                        0x08003123   Thumb Code    54  stm32f1xx_hal_tim.o(i.HAL_TIM_Base_Init)
    HAL_TIM_Base_MspInit                     0x08003159   Thumb Code     2  stm32f1xx_hal_tim.o(i.HAL_TIM_Base_MspInit)
    HAL_TIM_Base_Start_IT                    0x0800315b   Thumb Code    24  stm32f1xx_hal_tim.o(i.HAL_TIM_Base_Start_IT)
    HAL_TIM_IC_CaptureCallback               0x08003173   Thumb Code     2  stm32f1xx_hal_tim.o(i.HAL_TIM_IC_CaptureCallback)
    HAL_TIM_IRQHandler                       0x08003175   Thumb Code   358  stm32f1xx_hal_tim.o(i.HAL_TIM_IRQHandler)
    HAL_TIM_OC_DelayElapsedCallback          0x080032db   Thumb Code     2  stm32f1xx_hal_tim.o(i.HAL_TIM_OC_DelayElapsedCallback)
    HAL_TIM_PWM_PulseFinishedCallback        0x080032dd   Thumb Code     2  stm32f1xx_hal_tim.o(i.HAL_TIM_PWM_PulseFinishedCallback)
    HAL_TIM_PeriodElapsedCallback            0x080032e1   Thumb Code    14  main.o(i.HAL_TIM_PeriodElapsedCallback)
    HAL_TIM_TriggerCallback                  0x080032f5   Thumb Code     2  stm32f1xx_hal_tim.o(i.HAL_TIM_TriggerCallback)
    HAL_UART_ErrorCallback                   0x080032f7   Thumb Code     2  stm32f1xx_hal_uart.o(i.HAL_UART_ErrorCallback)
    HAL_UART_IRQHandler                      0x080032f9   Thumb Code   266  stm32f1xx_hal_uart.o(i.HAL_UART_IRQHandler)
    HAL_UART_Init                            0x08003409   Thumb Code    98  stm32f1xx_hal_uart.o(i.HAL_UART_Init)
    HAL_UART_MspInit                         0x0800346d   Thumb Code   318  usart.o(i.HAL_UART_MspInit)
    HAL_UART_Receive_DMA                     0x080035cd   Thumb Code   138  stm32f1xx_hal_uart.o(i.HAL_UART_Receive_DMA)
    HAL_UART_Receive_IT                      0x08003665   Thumb Code    82  stm32f1xx_hal_uart.o(i.HAL_UART_Receive_IT)
    HAL_UART_RxCpltCallback                  0x080036b9   Thumb Code    96  stm32f1xx_it.o(i.HAL_UART_RxCpltCallback)
    HAL_UART_RxHalfCpltCallback              0x08003731   Thumb Code    28  stm32f1xx_it.o(i.HAL_UART_RxHalfCpltCallback)
    HAL_UART_Transmit                        0x08003759   Thumb Code   186  stm32f1xx_hal_uart.o(i.HAL_UART_Transmit)
    HAL_UART_TxCpltCallback                  0x08003813   Thumb Code     2  stm32f1xx_hal_uart.o(i.HAL_UART_TxCpltCallback)
    HX711_Average_Value                      0x08003815   Thumb Code    36  hx711.o(i.HX711_Average_Value)
    HX711_Tare                               0x08003839   Thumb Code    14  hx711.o(i.HX711_Tare)
    HX711_Value                              0x08003847   Thumb Code   114  hx711.o(i.HX711_Value)
    HardFault_Handler                        0x080038b9   Thumb Code     2  stm32f1xx_it.o(i.HardFault_Handler)
    LCD_BackLed_Control                      0x080038e9   Thumb Code    20  lcd.o(i.LCD_BackLed_Control)
    LCD_Clear                                0x08003901   Thumb Code    26  lcd.o(i.LCD_Clear)
    LCD_ClearScreen                          0x0800391b   Thumb Code    24  lcd.o(i.LCD_ClearScreen)
    LCD_Coordinate_Valid                     0x08003933   Thumb Code    18  lcd.o(i.LCD_Coordinate_Valid)
    LCD_DrawChar                             0x08003945   Thumb Code    68  lcd.o(i.LCD_DrawChar)
    LCD_DrawDot                              0x08003991   Thumb Code    24  lcd.o(i.LCD_DrawDot)
    LCD_DrawLine                             0x080039a9   Thumb Code   158  lcd.o(i.LCD_DrawLine)
    LCD_DrawRectangle                        0x08003a47   Thumb Code    72  lcd.o(i.LCD_DrawRectangle)
    LCD_DrawSquare                           0x08003a8f   Thumb Code   100  lcd.o(i.LCD_DrawSquare)
    LCD_DrawString                           0x08003af5   Thumb Code    80  lcd.o(i.LCD_DrawString)
    LCD_FillColor                            0x08003b45   Thumb Code    24  lcd.o(i.LCD_FillColor)
    LCD_Init                                 0x08003b61   Thumb Code    38  lcd.o(i.LCD_Init)
    LCD_OpenWindow                           0x08003b89   Thumb Code    58  lcd.o(i.LCD_OpenWindow)
    LCD_REG_Config                           0x08003bc9   Thumb Code   368  lcd.o(i.LCD_REG_Config)
    LCD_Reset                                0x08003d41   Thumb Code    42  lcd.o(i.LCD_Reset)
    LED_Green_On                             0x08003d75   Thumb Code    28  led.o(i.LED_Green_On)
    LED_Reset                                0x08003d95   Thumb Code    10  led.o(i.LED_Reset)
    MX_ADC1_Init                             0x08003da5   Thumb Code    70  adc.o(i.MX_ADC1_Init)
    MX_DMA_Init                              0x08003df5   Thumb Code    40  dma.o(i.MX_DMA_Init)
    MX_FREERTOS_Init                         0x08003e21   Thumb Code   130  freertos.o(i.MX_FREERTOS_Init)
    MX_FSMC_Init                             0x08003ead   Thumb Code   106  fsmc.o(i.MX_FSMC_Init)
    MX_GPIO_Init                             0x08003f25   Thumb Code   410  gpio.o(i.MX_GPIO_Init)
    MX_SPI1_Init                             0x080040dd   Thumb Code    62  spi.o(i.MX_SPI1_Init)
    MX_USART1_UART_Init                      0x08004125   Thumb Code    48  usart.o(i.MX_USART1_UART_Init)
    MX_USART2_UART_Init                      0x0800415d   Thumb Code    48  usart.o(i.MX_USART2_UART_Init)
    MX_USART3_UART_Init                      0x08004195   Thumb Code    48  usart.o(i.MX_USART3_UART_Init)
    MainThread                               0x080041cd   Thumb Code   178  freertos.o(i.MainThread)
    MemManage_Handler                        0x080042a5   Thumb Code     2  stm32f1xx_it.o(i.MemManage_Handler)
    NMI_Handler                              0x080042a7   Thumb Code     2  stm32f1xx_it.o(i.NMI_Handler)
    RC522_ClearBitMask                       0x080042c9   Thumb Code    24  rc522.o(i.RC522_ClearBitMask)
    RC522_Init                               0x080042e1   Thumb Code   172  rc522.o(i.RC522_Init)
    RC522_M500PcdConfigISOType               0x08004399   Thumb Code    86  rc522.o(i.RC522_M500PcdConfigISOType)
    RC522_PcdAntennaOn                       0x080043ef   Thumb Code    26  rc522.o(i.RC522_PcdAntennaOn)
    RC522_PcdAnticoll                        0x08004409   Thumb Code   108  rc522.o(i.RC522_PcdAnticoll)
    RC522_PcdComMF522                        0x08004475   Thumb Code   278  rc522.o(i.RC522_PcdComMF522)
    RC522_PcdRequest                         0x0800458b   Thumb Code    82  rc522.o(i.RC522_PcdRequest)
    RC522_PcdReset                           0x080045dd   Thumb Code   128  rc522.o(i.RC522_PcdReset)
    RC522_ReadRawRC                          0x08004661   Thumb Code    50  rc522.o(i.RC522_ReadRawRC)
    RC522_SPI_ReadByte                       0x08004699   Thumb Code    76  rc522.o(i.RC522_SPI_ReadByte)
    RC522_SPI_SendByte                       0x080046e9   Thumb Code    78  rc522.o(i.RC522_SPI_SendByte)
    RC522_SetBitMask                         0x0800473d   Thumb Code    24  rc522.o(i.RC522_SetBitMask)
    RC522_WriteRawRC                         0x08004755   Thumb Code    48  rc522.o(i.RC522_WriteRawRC)
    SysTick_Handler                          0x08004789   Thumb Code    38  port.o(i.SysTick_Handler)
    SystemClock_Config                       0x080047b5   Thumb Code    98  main.o(i.SystemClock_Config)
    SystemInit                               0x08004819   Thumb Code    56  system_stm32f1xx.o(i.SystemInit)
    TIM3_IRQHandler                          0x08004861   Thumb Code     6  stm32f1xx_it.o(i.TIM3_IRQHandler)
    TIM_Base_SetConfig                       0x0800486d   Thumb Code   120  stm32f1xx_hal_tim.o(i.TIM_Base_SetConfig)
    Thread2                                  0x080048f9   Thumb Code    68  freertos.o(i.Thread2)
    Thread3                                  0x08004941   Thumb Code   218  freertos.o(i.Thread3)
    Thread4                                  0x08004a2d   Thumb Code   226  freertos.o(i.Thread4)
    Thread5                                  0x08004b49   Thumb Code   144  freertos.o(i.Thread5)
    UI_Clear                                 0x08004f83   Thumb Code    22  ui.o(i.UI_Clear)
    UI_GPS_Set                               0x08004f99   Thumb Code   320  ui.o(i.UI_GPS_Set)
    UI_Init                                  0x080050fd   Thumb Code    14  ui.o(i.UI_Init)
    UI_Init_Login                            0x08005111   Thumb Code    24  ui.o(i.UI_Init_Login)
    UI_Init_Logout                           0x08005129   Thumb Code    22  ui.o(i.UI_Init_Logout)
    UI_Init_NavigationBar                    0x0800515d   Thumb Code   294  ui.o(i.UI_Init_NavigationBar)
    UI_Init_Seats                            0x0800529d   Thumb Code    26  ui.o(i.UI_Init_Seats)
    UI_Init_StatusBar                        0x080052bd   Thumb Code    32  ui.o(i.UI_Init_StatusBar)
    UI_LogState_Get                          0x080052f1   Thumb Code     6  ui.o(i.UI_LogState_Get)
    UI_Login                                 0x080052fd   Thumb Code    44  ui.o(i.UI_Login)
    UI_Room_Light_Set                        0x08005335   Thumb Code    60  ui.o(i.UI_Room_Light_Set)
    UI_Room_TempHumi_Set                     0x08005379   Thumb Code   106  ui.o(i.UI_Room_TempHumi_Set)
    UI_Seat_Get                              0x080053f1   Thumb Code    10  ui.o(i.UI_Seat_Get)
    UI_Seat_Remains                          0x08005401   Thumb Code    30  ui.o(i.UI_Seat_Remains)
    UI_Seat_Set                              0x08005425   Thumb Code    14  ui.o(i.UI_Seat_Set)
    UI_Seats_Update                          0x08005439   Thumb Code   168  ui.o(i.UI_Seats_Update)
    UI_Tab_Draw                              0x080054f1   Thumb Code   180  ui.o(i.UI_Tab_Draw)
    UI_Tab_Set                               0x08005611   Thumb Code    18  ui.o(i.UI_Tab_Set)
    UI_Tab_Touched                           0x08005629   Thumb Code    50  ui.o(i.UI_Tab_Touched)
    UI_Touch                                 0x0800565b   Thumb Code    14  ui.o(i.UI_Touch)
    USART2_IRQHandler                        0x08005669   Thumb Code     6  stm32f1xx_it.o(i.USART2_IRQHandler)
    USART3_IRQHandler                        0x08005675   Thumb Code    58  stm32f1xx_it.o(i.USART3_IRQHandler)
    USART_printf                             0x080056d1   Thumb Code   292  esp8266.o(i.USART_printf)
    UsageFault_Handler                       0x080057f9   Thumb Code     2  stm32f1xx_it.o(i.UsageFault_Handler)
    XPT2046_Get_TouchedPoint                 0x08005813   Thumb Code   130  xpt2046.o(i.XPT2046_Get_TouchedPoint)
    XPT2046_TouchDetect                      0x08005a29   Thumb Code    96  xpt2046.o(i.XPT2046_TouchDetect)
    XPT2046_TouchDown                        0x08005a91   Thumb Code     2  xpt2046.o(i.XPT2046_TouchDown)
    XPT2046_TouchEvenHandler                 0x08005a95   Thumb Code    64  xpt2046.o(i.XPT2046_TouchEvenHandler)
    XPT2046_TouchUp                          0x08005ad9   Thumb Code     2  xpt2046.o(i.XPT2046_TouchUp)
    __0printf                                0x08005b41   Thumb Code    22  printfa.o(i.__0printf)
    __1printf                                0x08005b41   Thumb Code     0  printfa.o(i.__0printf)
    __2printf                                0x08005b41   Thumb Code     0  printfa.o(i.__0printf)
    __c89printf                              0x08005b41   Thumb Code     0  printfa.o(i.__0printf)
    printf                                   0x08005b41   Thumb Code     0  printfa.o(i.__0printf)
    __0snprintf                              0x08005b61   Thumb Code    44  printfa.o(i.__0snprintf)
    __1snprintf                              0x08005b61   Thumb Code     0  printfa.o(i.__0snprintf)
    __2snprintf                              0x08005b61   Thumb Code     0  printfa.o(i.__0snprintf)
    __c89snprintf                            0x08005b61   Thumb Code     0  printfa.o(i.__0snprintf)
    snprintf                                 0x08005b61   Thumb Code     0  printfa.o(i.__0snprintf)
    __0sprintf                               0x08005b91   Thumb Code    34  printfa.o(i.__0sprintf)
    __1sprintf                               0x08005b91   Thumb Code     0  printfa.o(i.__0sprintf)
    __2sprintf                               0x08005b91   Thumb Code     0  printfa.o(i.__0sprintf)
    __c89sprintf                             0x08005b91   Thumb Code     0  printfa.o(i.__0sprintf)
    sprintf                                  0x08005b91   Thumb Code     0  printfa.o(i.__0sprintf)
    __0vsnprintf                             0x08005bb9   Thumb Code    40  printfa.o(i.__0vsnprintf)
    __1vsnprintf                             0x08005bb9   Thumb Code     0  printfa.o(i.__0vsnprintf)
    __2vsnprintf                             0x08005bb9   Thumb Code     0  printfa.o(i.__0vsnprintf)
    __c89vsnprintf                           0x08005bb9   Thumb Code     0  printfa.o(i.__0vsnprintf)
    vsnprintf                                0x08005bb9   Thumb Code     0  printfa.o(i.__0vsnprintf)
    __aeabi_errno_addr                       0x08005be5   Thumb Code     4  errno.o(i.__aeabi_errno_addr)
    __rt_errno_addr                          0x08005be5   Thumb Code     0  errno.o(i.__aeabi_errno_addr)
    __scatterload_copy                       0x08005bed   Thumb Code    14  handlers.o(i.__scatterload_copy)
    __scatterload_null                       0x08005bfb   Thumb Code     2  handlers.o(i.__scatterload_null)
    __scatterload_zeroinit                   0x08005bfd   Thumb Code    14  handlers.o(i.__scatterload_zeroinit)
    _is_digit                                0x08005d91   Thumb Code    14  scanf_fp.o(i._is_digit)
    _nmea_parse_time                         0x08005da1   Thumb Code    78  parse.o(i._nmea_parse_time)
    delay_us                                 0x0800657f   Thumb Code    20  delay.o(i.delay_us)
    fputc                                    0x08006595   Thumb Code    20  usart.o(i.fputc)
    main                                     0x080065ad   Thumb Code    54  main.o(i.main)
    nmea_BDGSA2info                          0x080065ef   Thumb Code   100  parse.o(i.nmea_BDGSA2info)
    nmea_BDGSV2info                          0x08006653   Thumb Code   118  parse.o(i.nmea_BDGSV2info)
    nmea_GNGGA2info                          0x080066c9   Thumb Code    90  parse.o(i.nmea_GNGGA2info)
    nmea_GNGLL2info                          0x08006723   Thumb Code   108  parse.o(i.nmea_GNGLL2info)
    nmea_GNRMC2info                          0x08006791   Thumb Code   142  parse.o(i.nmea_GNRMC2info)
    nmea_GNVTG2info                          0x08006829   Thumb Code    50  parse.o(i.nmea_GNVTG2info)
    nmea_GNZDA2info                          0x0800685b   Thumb Code    24  parse.o(i.nmea_GNZDA2info)
    nmea_GPGGA2info                          0x08006873   Thumb Code    86  parse.o(i.nmea_GPGGA2info)
    nmea_GPGSA2info                          0x080068c9   Thumb Code    98  parse.o(i.nmea_GPGSA2info)
    nmea_GPGSV2info                          0x0800692b   Thumb Code   112  parse.o(i.nmea_GPGSV2info)
    nmea_GPRMC2info                          0x0800699d   Thumb Code   126  parse.o(i.nmea_GPRMC2info)
    nmea_GPTXT2info                          0x08006a25   Thumb Code    52  parse.o(i.nmea_GPTXT2info)
    nmea_GPVTG2info                          0x08006aa9   Thumb Code    34  parse.o(i.nmea_GPVTG2info)
    nmea_atof                                0x08006acb   Thumb Code    44  tok.o(i.nmea_atof)
    nmea_atoi                                0x08006af7   Thumb Code    44  tok.o(i.nmea_atoi)
    nmea_error                               0x08006b25   Thumb Code    52  context.o(i.nmea_error)
    nmea_find_tail                           0x08006b5d   Thumb Code   122  parse.o(i.nmea_find_tail)
    nmea_info                                0x08006bd9   Thumb Code    52  context.o(i.nmea_info)
    nmea_ndeg2degree                         0x08006c11   Thumb Code    68  gmath.o(i.nmea_ndeg2degree)
    nmea_pack_type                           0x08006c5d   Thumb Code   248  parse.o(i.nmea_pack_type)
    nmea_parse                               0x08006d59   Thumb Code   244  parser.o(i.nmea_parse)
    nmea_parse_BDGSA                         0x08006e4d   Thumb Code   126  parse.o(i.nmea_parse_BDGSA)
    nmea_parse_BDGSV                         0x08006f1d   Thumb Code   162  parse.o(i.nmea_parse_BDGSV)
    nmea_parse_GNGGA                         0x08006fd9   Thumb Code   140  parse.o(i.nmea_parse_GNGGA)
    nmea_parse_GNGLL                         0x080070c5   Thumb Code   112  parse.o(i.nmea_parse_GNGLL)
    nmea_parse_GNRMC                         0x08007181   Thumb Code   146  parse.o(i.nmea_parse_GNRMC)
    nmea_parse_GNVTG                         0x08007275   Thumb Code   124  parse.o(i.nmea_parse_GNVTG)
    nmea_parse_GNZDA                         0x0800734d   Thumb Code   108  parse.o(i.nmea_parse_GNZDA)
    nmea_parse_GPGGA                         0x08007405   Thumb Code   140  parse.o(i.nmea_parse_GPGGA)
    nmea_parse_GPGSA                         0x080074f1   Thumb Code   126  parse.o(i.nmea_parse_GPGSA)
    nmea_parse_GPGSV                         0x080075c1   Thumb Code   162  parse.o(i.nmea_parse_GPGSV)
    nmea_parse_GPRMC                         0x0800767d   Thumb Code   146  parse.o(i.nmea_parse_GPRMC)
    nmea_parse_GPTXT                         0x08007771   Thumb Code    64  parse.o(i.nmea_parse_GPTXT)
    nmea_parse_GPVTG                         0x080077e1   Thumb Code   124  parse.o(i.nmea_parse_GPVTG)
    nmea_parser_init                         0x080078b5   Thumb Code    54  parser.o(i.nmea_parser_init)
    nmea_parser_pop                          0x08007905   Thumb Code    34  parser.o(i.nmea_parser_pop)
    nmea_parser_push                         0x08007927   Thumb Code    42  parser.o(i.nmea_parser_push)
    nmea_parser_real_push                    0x08007951   Thumb Code   742  parser.o(i.nmea_parser_real_push)
    nmea_property                            0x08007c51   Thumb Code     4  context.o(i.nmea_property)
    nmea_scanf                               0x08007c59   Thumb Code   408  tok.o(i.nmea_scanf)
    nmea_time_now                            0x08007df1   Thumb Code    22  time.o(i.nmea_time_now)
    nmea_trace_buff                          0x08007e09   Thumb Code    16  context.o(i.nmea_trace_buff)
    nmea_zero_INFO                           0x08007e1d   Thumb Code    28  info.o(i.nmea_zero_INFO)
    osDelay                                  0x08007e39   Thumb Code    14  cmsis_os.o(i.osDelay)
    osKernelStart                            0x08007e47   Thumb Code    10  cmsis_os.o(i.osKernelStart)
    osMutexCreate                            0x08007e51   Thumb Code     6  cmsis_os.o(i.osMutexCreate)
    osThreadCreate                           0x08007e57   Thumb Code    46  cmsis_os.o(i.osThreadCreate)
    pvPortMalloc                             0x080082e9   Thumb Code   210  heap_4.o(i.pvPortMalloc)
    pvTaskIncrementMutexHeldCount            0x080083c1   Thumb Code    18  tasks.o(i.pvTaskIncrementMutexHeldCount)
    pxPortInitialiseStack                    0x080083d9   Thumb Code    32  port.o(i.pxPortInitialiseStack)
    strtod                                   0x080083fd   Thumb Code    28  strtod.o(i.strtod)
    uxListRemove                             0x08008419   Thumb Code    36  list.o(i.uxListRemove)
    vListInitialise                          0x0800843d   Thumb Code    22  list.o(i.vListInitialise)
    vListInitialiseItem                      0x08008453   Thumb Code     6  list.o(i.vListInitialiseItem)
    vListInsert                              0x08008459   Thumb Code    48  list.o(i.vListInsert)
    vListInsertEnd                           0x08008489   Thumb Code    24  list.o(i.vListInsertEnd)
    vPortEnterCritical                       0x080084a1   Thumb Code    54  port.o(i.vPortEnterCritical)
    vPortExitCritical                        0x080084e1   Thumb Code    34  port.o(i.vPortExitCritical)
    vPortFree                                0x08008509   Thumb Code    88  heap_4.o(i.vPortFree)
    vPortSetupTimerInterrupt                 0x08008565   Thumb Code    26  port.o(i.vPortSetupTimerInterrupt)
    vTaskDelay                               0x08008585   Thumb Code    66  tasks.o(i.vTaskDelay)
    vTaskMissedYield                         0x080085d1   Thumb Code     8  tasks.o(i.vTaskMissedYield)
    vTaskPlaceOnEventList                    0x080085dd   Thumb Code    44  tasks.o(i.vTaskPlaceOnEventList)
    vTaskPriorityInherit                     0x0800860d   Thumb Code   124  tasks.o(i.vTaskPriorityInherit)
    vTaskSetTimeOutState                     0x08008691   Thumb Code    30  tasks.o(i.vTaskSetTimeOutState)
    vTaskStartScheduler                      0x080086b5   Thumb Code    86  tasks.o(i.vTaskStartScheduler)
    vTaskSuspendAll                          0x0800871d   Thumb Code    10  tasks.o(i.vTaskSuspendAll)
    vTaskSwitchContext                       0x0800872d   Thumb Code    82  tasks.o(i.vTaskSwitchContext)
    xPortStartScheduler                      0x08008789   Thumb Code   102  port.o(i.xPortStartScheduler)
    xQueueCreateMutex                        0x080087fd   Thumb Code    36  queue.o(i.xQueueCreateMutex)
    xQueueGenericCreate                      0x08008821   Thumb Code    72  queue.o(i.xQueueGenericCreate)
    xQueueGenericReceive                     0x08008869   Thumb Code   360  queue.o(i.xQueueGenericReceive)
    xQueueGenericReset                       0x080089d5   Thumb Code   132  queue.o(i.xQueueGenericReset)
    xQueueGenericSend                        0x08008a5d   Thumb Code   346  queue.o(i.xQueueGenericSend)
    xTaskCheckForTimeOut                     0x08008bbd   Thumb Code   102  tasks.o(i.xTaskCheckForTimeOut)
    xTaskCreate                              0x08008c29   Thumb Code    86  tasks.o(i.xTaskCreate)
    xTaskGetSchedulerState                   0x08008c81   Thumb Code    22  tasks.o(i.xTaskGetSchedulerState)
    xTaskGetTickCount                        0x08008c9d   Thumb Code     6  tasks.o(i.xTaskGetTickCount)
    xTaskIncrementTick                       0x08008ca9   Thumb Code   192  tasks.o(i.xTaskIncrementTick)
    xTaskPriorityDisinherit                  0x08008d71   Thumb Code   144  tasks.o(i.xTaskPriorityDisinherit)
    xTaskRemoveFromEventList                 0x08008e09   Thumb Code   108  tasks.o(i.xTaskRemoveFromEventList)
    xTaskResumeAll                           0x08008e7d   Thumb Code   182  tasks.o(i.xTaskResumeAll)
    ucAscii_1608                             0x08008f40   Data        1520  lcd.o(.constdata)
    AHBPrescTable                            0x080095dc   Data          16  system_stm32f1xx.o(.constdata)
    APBPrescTable                            0x080095ec   Data           8  system_stm32f1xx.o(.constdata)
    __ctype_table                            0x080095f4   Data         129  ctype_o.o(.constdata)
    Region$$Table$$Base                      0x08009880   Number         0  anon$$obj.o(Region$$Table)
    Region$$Table$$Limit                     0x080098a0   Number         0  anon$$obj.o(Region$$Table)
    esp8266_rxdata                           0x20000044   Data           1  esp8266.o(.data)
    GPS_TransferEnd                          0x20000045   Data           1  neo6m.o(.data)
    GPS_HalfTransferEnd                      0x20000046   Data           1  neo6m.o(.data)
    logState                                 0x20000047   Data           1  ui.o(.data)
    tab_current                              0x20000048   Data           1  ui.o(.data)
    seats                                    0x20000049   Data           6  ui.o(.data)
    ucXPT2046_TouchFlag                      0x20000050   Data           1  xpt2046.o(.data)
    strXPT2046_TouchPara                     0x20000058   Data         168  xpt2046.o(.data)
    ldr_data                                 0x20000100   Data           4  freertos.o(.data)
    defaultTaskHandle                        0x20000104   Data           4  freertos.o(.data)
    myTask02Handle                           0x20000108   Data           4  freertos.o(.data)
    myTask03Handle                           0x2000010c   Data           4  freertos.o(.data)
    myTask04Handle                           0x20000110   Data           4  freertos.o(.data)
    myTask05Handle                           0x20000114   Data           4  freertos.o(.data)
    myMutex01Handle                          0x20000118   Data           4  freertos.o(.data)
    dht11_data                               0x2000011c   Data           5  freertos.o(.data)
    deg_lat                                  0x20000128   Data           8  freertos.o(.data)
    deg_lon                                  0x20000130   Data           8  freertos.o(.data)
    ucTcpClosedFlag                          0x20000140   Data           1  stm32f1xx_it.o(.data)
    uwTickFreq                               0x20000144   Data           1  stm32f1xx_hal.o(.data)
    uwTickPrio                               0x20000148   Data           4  stm32f1xx_hal.o(.data)
    uwTick                                   0x2000014c   Data           4  stm32f1xx_hal.o(.data)
    SystemCoreClock                          0x20000150   Data           4  system_stm32f1xx.o(.data)
    pxCurrentTCB                             0x20000154   Data           4  tasks.o(.data)
    __stdout                                 0x200001b4   Data           4  stdout.o(.data)
    txt_buff                                 0x200001bc   Data         256  parse.o(.bss)
    strEsp8266_Fram_Record                   0x200002bc   Data        1026  esp8266.o(.bss)
    gps_rbuff                                0x200006be   Data         512  neo6m.o(.bss)
    hadc1                                    0x200008c0   Data          48  adc.o(.bss)
    hsram1                                   0x200008f0   Data          68  fsmc.o(.bss)
    hspi1                                    0x20000934   Data          88  spi.o(.bss)
    huart1                                   0x2000098c   Data          64  usart.o(.bss)
    huart2                                   0x200009cc   Data          64  usart.o(.bss)
    huart3                                   0x20000a0c   Data          64  usart.o(.bss)
    hdma_usart2_rx                           0x20000a4c   Data          68  usart.o(.bss)
    htim3                                    0x20000a90   Data          64  stm32f1xx_hal_timebase_tim.o(.bss)
    __initial_sp                             0x2000d7c0   Data           0  startup_stm32f103xe.o(STACK)



==============================================================================

Memory Map of the image

  Image Entry point : 0x08000131

  Load Region LR_IROM1 (Base: 0x08000000, Size: 0x00009a5c, Max: 0x00080000, ABSOLUTE, COMPRESSED[0x00009988])

    Execution Region ER_IROM1 (Base: 0x08000000, Size: 0x000098a0, Max: 0x00080000, ABSOLUTE)

    Base Addr    Size         Type   Attr      Idx    E Section Name        Object

    0x08000000   0x00000130   Data   RO            3    RESET               startup_stm32f103xe.o
    0x08000130   0x00000000   Code   RO         6759  * .ARM.Collect$$$$00000000  mc_w.l(entry.o)
    0x08000130   0x00000004   Code   RO         7137    .ARM.Collect$$$$00000001  mc_w.l(entry2.o)
    0x08000134   0x00000004   Code   RO         7140    .ARM.Collect$$$$00000004  mc_w.l(entry5.o)
    0x08000138   0x00000000   Code   RO         7142    .ARM.Collect$$$$00000008  mc_w.l(entry7b.o)
    0x08000138   0x00000000   Code   RO         7144    .ARM.Collect$$$$0000000A  mc_w.l(entry8b.o)
    0x08000138   0x00000008   Code   RO         7145    .ARM.Collect$$$$0000000B  mc_w.l(entry9a.o)
    0x08000140   0x00000000   Code   RO         7147    .ARM.Collect$$$$0000000D  mc_w.l(entry10a.o)
    0x08000140   0x00000000   Code   RO         7149    .ARM.Collect$$$$0000000F  mc_w.l(entry11a.o)
    0x08000140   0x00000004   Code   RO         7138    .ARM.Collect$$$$00002712  mc_w.l(entry2.o)
    0x08000144   0x00000096   Code   RO         6590    .emb_text           port.o
    0x080001da   0x00000002   PAD
    0x080001dc   0x00000024   Code   RO            4    .text               startup_stm32f103xe.o
    0x08000200   0x00000020   Code   RO         6762    .text               mc_w.l(llushr.o)
    0x08000220   0x00000008   Code   RO         6764    .text               mc_w.l(ctype_o.o)
    0x08000228   0x00000012   Code   RO         6786    .text               mc_w.l(isspace_o.o)
    0x0800023a   0x00000024   Code   RO         6795    .text               mc_w.l(memcpya.o)
    0x0800025e   0x00000024   Code   RO         6797    .text               mc_w.l(memseta.o)
    0x08000282   0x00000024   Code   RO         6799    .text               mc_w.l(strstr.o)
    0x080002a6   0x0000000e   Code   RO         6801    .text               mc_w.l(strlen.o)
    0x080002b4   0x0000001c   Code   RO         6803    .text               mc_w.l(strcmp.o)
    0x080002d0   0x00000014   Code   RO         6805    .text               mc_w.l(memchr.o)
    0x080002e4   0x0000001a   Code   RO         6807    .text               mc_w.l(memcmp.o)
    0x080002fe   0x00000070   Code   RO         7072    .text               mc_w.l(strtol.o)
    0x0800036e   0x000000b0   Code   RO         7074    .text               mf_w.l(fadd.o)
    0x0800041e   0x00000064   Code   RO         7076    .text               mf_w.l(fmul.o)
    0x08000482   0x0000014e   Code   RO         7078    .text               mf_w.l(dadd.o)
    0x080005d0   0x000000e4   Code   RO         7080    .text               mf_w.l(dmul.o)
    0x080006b4   0x000000de   Code   RO         7082    .text               mf_w.l(ddiv.o)
    0x08000792   0x00000012   Code   RO         7086    .text               mf_w.l(fflti.o)
    0x080007a4   0x00000022   Code   RO         7088    .text               mf_w.l(dflti.o)
    0x080007c6   0x00000032   Code   RO         7090    .text               mf_w.l(ffixi.o)
    0x080007f8   0x0000003e   Code   RO         7092    .text               mf_w.l(dfixi.o)
    0x08000836   0x00000002   PAD
    0x08000838   0x00000030   Code   RO         7096    .text               mf_w.l(cdrcmple.o)
    0x08000868   0x0000002c   Code   RO         7152    .text               mc_w.l(uidiv.o)
    0x08000894   0x00000062   Code   RO         7154    .text               mc_w.l(uldiv.o)
    0x080008f6   0x0000001e   Code   RO         7156    .text               mc_w.l(llshl.o)
    0x08000914   0x00000024   Code   RO         7158    .text               mc_w.l(llsshr.o)
    0x08000938   0x0000009e   Code   RO         7167    .text               mc_w.l(_strtoul.o)
    0x080009d6   0x00000002   PAD
    0x080009d8   0x0000009c   Code   RO         7169    .text               mc_w.l(strtod.o)
    0x08000a74   0x00000000   Code   RO         7171    .text               mc_w.l(iusefp.o)
    0x08000a74   0x0000006e   Code   RO         7172    .text               mf_w.l(fepilogue.o)
    0x08000ae2   0x000000ba   Code   RO         7174    .text               mf_w.l(depilogue.o)
    0x08000b9c   0x00000030   Code   RO         7178    .text               mf_w.l(dfixul.o)
    0x08000bcc   0x00000024   Code   RO         7180    .text               mc_w.l(init.o)
    0x08000bf0   0x0000001c   Code   RO         7184    .text               mc_w.l(_chval.o)
    0x08000c0c   0x00000338   Code   RO         7186    .text               mc_w.l(scanf_fp.o)
    0x08000f44   0x00000040   Code   RO         7190    .text               mc_w.l(_sgetc.o)
    0x08000f84   0x00000018   Code   RO         7197    .text               mf_w.l(dfltul.o)
    0x08000f9c   0x00000038   Code   RO         7199    .text               mf_w.l(d2f.o)
    0x08000fd4   0x00000056   Code   RO         7209    .text               mc_w.l(__dczerorl2.o)
    0x0800102a   0x00000002   PAD
    0x0800102c   0x0000004c   Code   RO         2610    i.ADC_ConversionStop_Disable  stm32f1xx_hal_adc.o
    0x08001078   0x00000070   Code   RO         2614    i.ADC_Enable        stm32f1xx_hal_adc.o
    0x080010e8   0x00000010   Code   RO          876    i.BEEP_Off          beep.o
    0x080010f8   0x00000010   Code   RO          877    i.BEEP_On           beep.o
    0x08001108   0x00000002   Code   RO         2402    i.BusFault_Handler  stm32f1xx_it.o
    0x0800110a   0x00000002   PAD
    0x0800110c   0x00000030   Code   RO         1027    i.DHT11_Init        dht11.o
    0x0800113c   0x00000274   Code   RO         1028    i.DHT11_ReadData    dht11.o
    0x080013b0   0x00000020   Code   RO         1029    i.DHT11_Set_Output  dht11.o
    0x080013d0   0x0000000c   Code   RO         2403    i.DMA1_Channel6_IRQHandler  stm32f1xx_it.o
    0x080013dc   0x0000002a   Code   RO         5035    i.DMA_SetConfig     stm32f1xx_hal_dma.o
    0x08001406   0x00000002   Code   RO         2404    i.DebugMon_Handler  stm32f1xx_it.o
    0x08001408   0x00000010   Code   RO         1299    i.Delay             lcd.o
    0x08001418   0x0000006c   Code   RO         1100    i.ESP8266_Cmd       esp8266.o
    0x08001484   0x00000028   Code   RO         1101    i.ESP8266_Enable    esp8266.o
    0x080014ac   0x00000028   Code   RO         1103    i.ESP8266_ExitUnvarnishSend  esp8266.o
    0x080014d4   0x00000014   Code   RO         1106    i.ESP8266_Init      esp8266.o
    0x080014e8   0x0000003c   Code   RO         1108    i.ESP8266_JoinAP    esp8266.o
    0x08001524   0x000000b0   Code   RO         1109    i.ESP8266_Link_Server  esp8266.o
    0x080015d4   0x00000060   Code   RO         1110    i.ESP8266_Net_Mode_Choose  esp8266.o
    0x08001634   0x0000008c   Code   RO         1113    i.ESP8266_SendString  esp8266.o
    0x080016c0   0x00000024   Code   RO         2405    i.EXTI0_IRQHandler  stm32f1xx_it.o
    0x080016e4   0x00000024   Code   RO         2406    i.EXTI15_10_IRQHandler  stm32f1xx_it.o
    0x08001708   0x00000002   Code   RO         1970    i.Error_Handler     main.o
    0x0800170a   0x00000002   PAD
    0x0800170c   0x0000003c   Code   RO         2894    i.FSMC_NORSRAM_Extended_Timing_Init  stm32f1xx_ll_fsmc.o
    0x08001748   0x00000098   Code   RO         2895    i.FSMC_NORSRAM_Init  stm32f1xx_ll_fsmc.o
    0x080017e0   0x00000044   Code   RO         2896    i.FSMC_NORSRAM_Timing_Init  stm32f1xx_ll_fsmc.o
    0x08001824   0x0000018c   Code   RO         1501    i.GPS_Decode        neo6m.o
    0x080019b0   0x00000002   Code   RO         1502    i.GPS_Error         neo6m.o
    0x080019b2   0x0000011a   Code   RO         1503    i.GPS_GMTconvert    neo6m.o
    0x08001acc   0x00000040   Code   RO         1504    i.GPS_Info          neo6m.o
    0x08001b0c   0x00000014   Code   RO         1505    i.GPS_Init          neo6m.o
    0x08001b20   0x00000002   Code   RO         1506    i.GPS_Trace         neo6m.o
    0x08001b22   0x00000002   PAD
    0x08001b24   0x000000c8   Code   RO         2790    i.HAL_ADCEx_Calibration_Start  stm32f1xx_hal_adc_ex.o
    0x08001bec   0x000000fc   Code   RO         2616    i.HAL_ADC_ConfigChannel  stm32f1xx_hal_adc.o
    0x08001ce8   0x00000006   Code   RO         2623    i.HAL_ADC_GetValue  stm32f1xx_hal_adc.o
    0x08001cee   0x00000002   PAD
    0x08001cf0   0x00000120   Code   RO         2625    i.HAL_ADC_Init      stm32f1xx_hal_adc.o
    0x08001e10   0x00000058   Code   RO         2116    i.HAL_ADC_MspInit   adc.o
    0x08001e68   0x00000130   Code   RO         2629    i.HAL_ADC_PollForConversion  stm32f1xx_hal_adc.o
    0x08001f98   0x000000c0   Code   RO         2631    i.HAL_ADC_Start     stm32f1xx_hal_adc.o
    0x08002058   0x00000130   Code   RO         5037    i.HAL_DMA_Abort_IT  stm32f1xx_hal_dma.o
    0x08002188   0x00000248   Code   RO         5041    i.HAL_DMA_IRQHandler  stm32f1xx_hal_dma.o
    0x080023d0   0x0000007c   Code   RO         5042    i.HAL_DMA_Init      stm32f1xx_hal_dma.o
    0x0800244c   0x00000070   Code   RO         5046    i.HAL_DMA_Start_IT  stm32f1xx_hal_dma.o
    0x080024bc   0x00000068   Code   RO         2252    i.HAL_FSMC_MspInit  fsmc.o
    0x08002524   0x00000002   Code   RO         4970    i.HAL_GPIO_EXTI_Callback  stm32f1xx_hal_gpio.o
    0x08002526   0x00000002   PAD
    0x08002528   0x00000018   Code   RO         4971    i.HAL_GPIO_EXTI_IRQHandler  stm32f1xx_hal_gpio.o
    0x08002540   0x000001e8   Code   RO         4972    i.HAL_GPIO_Init     stm32f1xx_hal_gpio.o
    0x08002728   0x0000000a   Code   RO         4974    i.HAL_GPIO_ReadPin  stm32f1xx_hal_gpio.o
    0x08002732   0x0000000a   Code   RO         4976    i.HAL_GPIO_WritePin  stm32f1xx_hal_gpio.o
    0x0800273c   0x0000000c   Code   RO         4680    i.HAL_GetTick       stm32f1xx_hal.o
    0x08002748   0x00000010   Code   RO         4684    i.HAL_IncTick       stm32f1xx_hal.o
    0x08002758   0x00000024   Code   RO         4685    i.HAL_Init          stm32f1xx_hal.o
    0x0800277c   0x00000074   Code   RO         2535    i.HAL_InitTick      stm32f1xx_hal_timebase_tim.o
    0x080027f0   0x00000048   Code   RO         2511    i.HAL_MspInit       stm32f1xx_hal_msp.o
    0x08002838   0x00000016   Code   RO         5132    i.HAL_NVIC_EnableIRQ  stm32f1xx_hal_cortex.o
    0x0800284e   0x00000002   PAD
    0x08002850   0x00000040   Code   RO         5138    i.HAL_NVIC_SetPriority  stm32f1xx_hal_cortex.o
    0x08002890   0x00000024   Code   RO         5139    i.HAL_NVIC_SetPriorityGrouping  stm32f1xx_hal_cortex.o
    0x080028b4   0x000000d4   Code   RO         4934    i.HAL_RCCEx_GetPeriphCLKFreq  stm32f1xx_hal_rcc_ex.o
    0x08002988   0x000000ec   Code   RO         4935    i.HAL_RCCEx_PeriphCLKConfig  stm32f1xx_hal_rcc_ex.o
    0x08002a74   0x0000016c   Code   RO         4832    i.HAL_RCC_ClockConfig  stm32f1xx_hal_rcc.o
    0x08002be0   0x00000040   Code   RO         4836    i.HAL_RCC_GetClockConfig  stm32f1xx_hal_rcc.o
    0x08002c20   0x00000020   Code   RO         4839    i.HAL_RCC_GetPCLK1Freq  stm32f1xx_hal_rcc.o
    0x08002c40   0x00000020   Code   RO         4840    i.HAL_RCC_GetPCLK2Freq  stm32f1xx_hal_rcc.o
    0x08002c60   0x0000006c   Code   RO         4841    i.HAL_RCC_GetSysClockFreq  stm32f1xx_hal_rcc.o
    0x08002ccc   0x00000304   Code   RO         4844    i.HAL_RCC_OscConfig  stm32f1xx_hal_rcc.o
    0x08002fd0   0x00000082   Code   RO         3455    i.HAL_SPI_Init      stm32f1xx_hal_spi_ex.o
    0x08003052   0x00000002   PAD
    0x08003054   0x00000070   Code   RO         2301    i.HAL_SPI_MspInit   spi.o
    0x080030c4   0x00000056   Code   RO         3016    i.HAL_SRAM_Init     stm32f1xx_hal_sram.o
    0x0800311a   0x00000004   Code   RO         2254    i.HAL_SRAM_MspInit  fsmc.o
    0x0800311e   0x00000002   Code   RO         4110    i.HAL_TIMEx_BreakCallback  stm32f1xx_hal_tim_ex.o
    0x08003120   0x00000002   Code   RO         4111    i.HAL_TIMEx_CommutationCallback  stm32f1xx_hal_tim_ex.o
    0x08003122   0x00000036   Code   RO         3481    i.HAL_TIM_Base_Init  stm32f1xx_hal_tim.o
    0x08003158   0x00000002   Code   RO         3483    i.HAL_TIM_Base_MspInit  stm32f1xx_hal_tim.o
    0x0800315a   0x00000018   Code   RO         3486    i.HAL_TIM_Base_Start_IT  stm32f1xx_hal_tim.o
    0x08003172   0x00000002   Code   RO         3510    i.HAL_TIM_IC_CaptureCallback  stm32f1xx_hal_tim.o
    0x08003174   0x00000166   Code   RO         3523    i.HAL_TIM_IRQHandler  stm32f1xx_hal_tim.o
    0x080032da   0x00000002   Code   RO         3526    i.HAL_TIM_OC_DelayElapsedCallback  stm32f1xx_hal_tim.o
    0x080032dc   0x00000002   Code   RO         3553    i.HAL_TIM_PWM_PulseFinishedCallback  stm32f1xx_hal_tim.o
    0x080032de   0x00000002   PAD
    0x080032e0   0x00000014   Code   RO         1971    i.HAL_TIM_PeriodElapsedCallback  main.o
    0x080032f4   0x00000002   Code   RO         3564    i.HAL_TIM_TriggerCallback  stm32f1xx_hal_tim.o
    0x080032f6   0x00000002   Code   RO         4364    i.HAL_UART_ErrorCallback  stm32f1xx_hal_uart.o
    0x080032f8   0x00000110   Code   RO         4367    i.HAL_UART_IRQHandler  stm32f1xx_hal_uart.o
    0x08003408   0x00000062   Code   RO         4368    i.HAL_UART_Init     stm32f1xx_hal_uart.o
    0x0800346a   0x00000002   PAD
    0x0800346c   0x00000160   Code   RO         2343    i.HAL_UART_MspInit  usart.o
    0x080035cc   0x00000098   Code   RO         4372    i.HAL_UART_Receive_DMA  stm32f1xx_hal_uart.o
    0x08003664   0x00000052   Code   RO         4373    i.HAL_UART_Receive_IT  stm32f1xx_hal_uart.o
    0x080036b6   0x00000002   PAD
    0x080036b8   0x00000078   Code   RO         2407    i.HAL_UART_RxCpltCallback  stm32f1xx_it.o
    0x08003730   0x00000028   Code   RO         2408    i.HAL_UART_RxHalfCpltCallback  stm32f1xx_it.o
    0x08003758   0x000000ba   Code   RO         4376    i.HAL_UART_Transmit  stm32f1xx_hal_uart.o
    0x08003812   0x00000002   Code   RO         4379    i.HAL_UART_TxCpltCallback  stm32f1xx_hal_uart.o
    0x08003814   0x00000024   Code   RO         1260    i.HX711_Average_Value  hx711.o
    0x08003838   0x0000000e   Code   RO         1261    i.HX711_Tare        hx711.o
    0x08003846   0x00000072   Code   RO         1262    i.HX711_Value       hx711.o
    0x080038b8   0x00000002   Code   RO         2409    i.HardFault_Handler  stm32f1xx_it.o
    0x080038ba   0x0000002c   Code   RO         1507    i.IsLeapYear        neo6m.o
    0x080038e6   0x00000002   PAD
    0x080038e8   0x00000018   Code   RO         1300    i.LCD_BackLed_Control  lcd.o
    0x08003900   0x0000001a   Code   RO         1301    i.LCD_Clear         lcd.o
    0x0800391a   0x00000018   Code   RO         1302    i.LCD_ClearScreen   lcd.o
    0x08003932   0x00000012   Code   RO         1303    i.LCD_Coordinate_Valid  lcd.o
    0x08003944   0x0000004c   Code   RO         1304    i.LCD_DrawChar      lcd.o
    0x08003990   0x00000018   Code   RO         1307    i.LCD_DrawDot       lcd.o
    0x080039a8   0x0000009e   Code   RO         1308    i.LCD_DrawLine      lcd.o
    0x08003a46   0x00000048   Code   RO         1309    i.LCD_DrawRectangle  lcd.o
    0x08003a8e   0x00000064   Code   RO         1310    i.LCD_DrawSquare    lcd.o
    0x08003af2   0x00000002   PAD
    0x08003af4   0x00000050   Code   RO         1311    i.LCD_DrawString    lcd.o
    0x08003b44   0x0000001c   Code   RO         1312    i.LCD_FillColor     lcd.o
    0x08003b60   0x00000026   Code   RO         1314    i.LCD_Init          lcd.o
    0x08003b86   0x00000002   PAD
    0x08003b88   0x00000040   Code   RO         1315    i.LCD_OpenWindow    lcd.o
    0x08003bc8   0x00000178   Code   RO         1316    i.LCD_REG_Config    lcd.o
    0x08003d40   0x00000034   Code   RO         1319    i.LCD_Reset         lcd.o
    0x08003d74   0x00000020   Code   RO         1457    i.LED_Green_On      led.o
    0x08003d94   0x00000010   Code   RO         1459    i.LED_Reset         led.o
    0x08003da4   0x00000050   Code   RO         2117    i.MX_ADC1_Init      adc.o
    0x08003df4   0x0000002c   Code   RO         2157    i.MX_DMA_Init       dma.o
    0x08003e20   0x0000008c   Code   RO         2181    i.MX_FREERTOS_Init  freertos.o
    0x08003eac   0x00000078   Code   RO         2255    i.MX_FSMC_Init      fsmc.o
    0x08003f24   0x000001b8   Code   RO         2091    i.MX_GPIO_Init      gpio.o
    0x080040dc   0x00000048   Code   RO         2302    i.MX_SPI1_Init      spi.o
    0x08004124   0x00000038   Code   RO         2344    i.MX_USART1_UART_Init  usart.o
    0x0800415c   0x00000038   Code   RO         2345    i.MX_USART2_UART_Init  usart.o
    0x08004194   0x00000038   Code   RO         2346    i.MX_USART3_UART_Init  usart.o
    0x080041cc   0x000000d8   Code   RO         2182    i.MainThread        freertos.o
    0x080042a4   0x00000002   Code   RO         2410    i.MemManage_Handler  stm32f1xx_it.o
    0x080042a6   0x00000002   Code   RO         2411    i.NMI_Handler       stm32f1xx_it.o
    0x080042a8   0x00000020   Code   RO         5145    i.NVIC_SetPriority  stm32f1xx_hal_cortex.o
    0x080042c8   0x00000018   Code   RO         1607    i.RC522_ClearBitMask  rc522.o
    0x080042e0   0x000000b8   Code   RO         1609    i.RC522_Init        rc522.o
    0x08004398   0x00000056   Code   RO         1610    i.RC522_M500PcdConfigISOType  rc522.o
    0x080043ee   0x0000001a   Code   RO         1612    i.RC522_PcdAntennaOn  rc522.o
    0x08004408   0x0000006c   Code   RO         1613    i.RC522_PcdAnticoll  rc522.o
    0x08004474   0x00000116   Code   RO         1615    i.RC522_PcdComMF522  rc522.o
    0x0800458a   0x00000052   Code   RO         1618    i.RC522_PcdRequest  rc522.o
    0x080045dc   0x00000084   Code   RO         1619    i.RC522_PcdReset    rc522.o
    0x08004660   0x00000038   Code   RO         1622    i.RC522_ReadRawRC   rc522.o
    0x08004698   0x00000050   Code   RO         1623    i.RC522_SPI_ReadByte  rc522.o
    0x080046e8   0x00000054   Code   RO         1624    i.RC522_SPI_SendByte  rc522.o
    0x0800473c   0x00000018   Code   RO         1625    i.RC522_SetBitMask  rc522.o
    0x08004754   0x00000034   Code   RO         1626    i.RC522_WriteRawRC  rc522.o
    0x08004788   0x0000002c   Code   RO         6591    i.SysTick_Handler   port.o
    0x080047b4   0x00000062   Code   RO         1972    i.SystemClock_Config  main.o
    0x08004816   0x00000002   PAD
    0x08004818   0x00000048   Code   RO         5561    i.SystemInit        system_stm32f1xx.o
    0x08004860   0x0000000c   Code   RO         2412    i.TIM3_IRQHandler   stm32f1xx_it.o
    0x0800486c   0x0000008c   Code   RO         3565    i.TIM_Base_SetConfig  stm32f1xx_hal_tim.o
    0x080048f8   0x00000048   Code   RO         2183    i.Thread2           freertos.o
    0x08004940   0x000000ec   Code   RO         2184    i.Thread3           freertos.o
    0x08004a2c   0x0000011c   Code   RO         2185    i.Thread4           freertos.o
    0x08004b48   0x000000a0   Code   RO         2186    i.Thread5           freertos.o
    0x08004be8   0x00000010   Code   RO         4381    i.UART_DMAAbortOnError  stm32f1xx_hal_uart.o
    0x08004bf8   0x0000004a   Code   RO         4382    i.UART_DMAError     stm32f1xx_hal_uart.o
    0x08004c42   0x0000003c   Code   RO         4383    i.UART_DMAReceiveCplt  stm32f1xx_hal_uart.o
    0x08004c7e   0x0000000a   Code   RO         4385    i.UART_DMARxHalfCplt  stm32f1xx_hal_uart.o
    0x08004c88   0x0000001c   Code   RO         4391    i.UART_EndRxTransfer  stm32f1xx_hal_uart.o
    0x08004ca4   0x00000012   Code   RO         4392    i.UART_EndTxTransfer  stm32f1xx_hal_uart.o
    0x08004cb6   0x00000096   Code   RO         4393    i.UART_Receive_IT   stm32f1xx_hal_uart.o
    0x08004d4c   0x00000170   Code   RO         4394    i.UART_SetConfig    stm32f1xx_hal_uart.o
    0x08004ebc   0x00000062   Code   RO         4395    i.UART_Transmit_IT  stm32f1xx_hal_uart.o
    0x08004f1e   0x00000064   Code   RO         4396    i.UART_WaitOnFlagUntilTimeout  stm32f1xx_hal_uart.o
    0x08004f82   0x00000016   Code   RO         1750    i.UI_Clear          ui.o
    0x08004f98   0x00000164   Code   RO         1751    i.UI_GPS_Set        ui.o
    0x080050fc   0x00000014   Code   RO         1752    i.UI_Init           ui.o
    0x08005110   0x00000018   Code   RO         1753    i.UI_Init_Login     ui.o
    0x08005128   0x00000034   Code   RO         1754    i.UI_Init_Logout    ui.o
    0x0800515c   0x00000140   Code   RO         1755    i.UI_Init_NavigationBar  ui.o
    0x0800529c   0x00000020   Code   RO         1756    i.UI_Init_Seats     ui.o
    0x080052bc   0x00000034   Code   RO         1757    i.UI_Init_StatusBar  ui.o
    0x080052f0   0x0000000c   Code   RO         1758    i.UI_LogState_Get   ui.o
    0x080052fc   0x00000038   Code   RO         1759    i.UI_Login          ui.o
    0x08005334   0x00000044   Code   RO         1761    i.UI_Room_Light_Set  ui.o
    0x08005378   0x00000078   Code   RO         1762    i.UI_Room_TempHumi_Set  ui.o
    0x080053f0   0x00000010   Code   RO         1763    i.UI_Seat_Get       ui.o
    0x08005400   0x00000024   Code   RO         1764    i.UI_Seat_Remains   ui.o
    0x08005424   0x00000014   Code   RO         1765    i.UI_Seat_Set       ui.o
    0x08005438   0x000000b8   Code   RO         1766    i.UI_Seats_Update   ui.o
    0x080054f0   0x00000120   Code   RO         1767    i.UI_Tab_Draw       ui.o
    0x08005610   0x00000018   Code   RO         1768    i.UI_Tab_Set        ui.o
    0x08005628   0x00000032   Code   RO         1769    i.UI_Tab_Touched    ui.o
    0x0800565a   0x0000000e   Code   RO         1770    i.UI_Touch          ui.o
    0x08005668   0x0000000c   Code   RO         2413    i.USART2_IRQHandler  stm32f1xx_it.o
    0x08005674   0x0000005c   Code   RO         2414    i.USART3_IRQHandler  stm32f1xx_it.o
    0x080056d0   0x00000128   Code   RO         1117    i.USART_printf      esp8266.o
    0x080057f8   0x00000002   Code   RO         2415    i.UsageFault_Handler  stm32f1xx_it.o
    0x080057fa   0x00000018   Code   RO         1891    i.XPT2046_DelayUS   xpt2046.o
    0x08005812   0x00000082   Code   RO         1892    i.XPT2046_Get_TouchedPoint  xpt2046.o
    0x08005894   0x00000058   Code   RO         1894    i.XPT2046_ReadAdc   xpt2046.o
    0x080058ec   0x0000013c   Code   RO         1895    i.XPT2046_ReadAdc_Smooth_XY  xpt2046.o
    0x08005a28   0x00000068   Code   RO         1896    i.XPT2046_TouchDetect  xpt2046.o
    0x08005a90   0x00000002   Code   RO         1897    i.XPT2046_TouchDown  xpt2046.o
    0x08005a92   0x00000002   PAD
    0x08005a94   0x00000044   Code   RO         1898    i.XPT2046_TouchEvenHandler  xpt2046.o
    0x08005ad8   0x00000002   Code   RO         1899    i.XPT2046_TouchUp   xpt2046.o
    0x08005ada   0x00000002   PAD
    0x08005adc   0x00000064   Code   RO         1900    i.XPT2046_WriteCMD  xpt2046.o
    0x08005b40   0x00000020   Code   RO         7044    i.__0printf         mc_w.l(printfa.o)
    0x08005b60   0x00000030   Code   RO         7045    i.__0snprintf       mc_w.l(printfa.o)
    0x08005b90   0x00000028   Code   RO         7046    i.__0sprintf        mc_w.l(printfa.o)
    0x08005bb8   0x0000002c   Code   RO         7049    i.__0vsnprintf      mc_w.l(printfa.o)
    0x08005be4   0x00000008   Code   RO         7160    i.__aeabi_errno_addr  mc_w.l(errno.o)
    0x08005bec   0x0000000e   Code   RO         7203    i.__scatterload_copy  mc_w.l(handlers.o)
    0x08005bfa   0x00000002   Code   RO         7204    i.__scatterload_null  mc_w.l(handlers.o)
    0x08005bfc   0x0000000e   Code   RO         7205    i.__scatterload_zeroinit  mc_w.l(handlers.o)
    0x08005c0a   0x00000002   PAD
    0x08005c0c   0x00000184   Code   RO         7051    i._fp_digits        mc_w.l(printfa.o)
    0x08005d90   0x0000000e   Code   RO         7188    i._is_digit         mc_w.l(scanf_fp.o)
    0x08005d9e   0x00000002   PAD
    0x08005da0   0x00000090   Code   RO          465    i._nmea_parse_time  parse.o
    0x08005e30   0x000006dc   Code   RO         7052    i._printf_core      mc_w.l(printfa.o)
    0x0800650c   0x00000024   Code   RO         7053    i._printf_post_padding  mc_w.l(printfa.o)
    0x08006530   0x0000002e   Code   RO         7054    i._printf_pre_padding  mc_w.l(printfa.o)
    0x0800655e   0x00000016   Code   RO         7055    i._snputc           mc_w.l(printfa.o)
    0x08006574   0x0000000a   Code   RO         7056    i._sputc            mc_w.l(printfa.o)
    0x0800657e   0x00000014   Code   RO         1000    i.delay_us          delay.o
    0x08006592   0x00000002   PAD
    0x08006594   0x00000018   Code   RO         2347    i.fputc             usart.o
    0x080065ac   0x00000036   Code   RO         1973    i.main              main.o
    0x080065e2   0x0000000c   Code   RO         6159    i.makeFreeRtosPriority  cmsis_os.o
    0x080065ee   0x00000064   Code   RO          466    i.nmea_BDGSA2info   parse.o
    0x08006652   0x00000076   Code   RO          467    i.nmea_BDGSV2info   parse.o
    0x080066c8   0x0000005a   Code   RO          468    i.nmea_GNGGA2info   parse.o
    0x08006722   0x0000006c   Code   RO          469    i.nmea_GNGLL2info   parse.o
    0x0800678e   0x00000002   PAD
    0x08006790   0x00000098   Code   RO          470    i.nmea_GNRMC2info   parse.o
    0x08006828   0x00000032   Code   RO          471    i.nmea_GNVTG2info   parse.o
    0x0800685a   0x00000018   Code   RO          472    i.nmea_GNZDA2info   parse.o
    0x08006872   0x00000056   Code   RO          473    i.nmea_GPGGA2info   parse.o
    0x080068c8   0x00000062   Code   RO          474    i.nmea_GPGSA2info   parse.o
    0x0800692a   0x00000070   Code   RO          475    i.nmea_GPGSV2info   parse.o
    0x0800699a   0x00000002   PAD
    0x0800699c   0x00000088   Code   RO          476    i.nmea_GPRMC2info   parse.o
    0x08006a24   0x00000084   Code   RO          477    i.nmea_GPTXT2info   parse.o
    0x08006aa8   0x00000022   Code   RO          478    i.nmea_GPVTG2info   parse.o
    0x08006aca   0x0000002c   Code   RO          822    i.nmea_atof         tok.o
    0x08006af6   0x0000002c   Code   RO          823    i.nmea_atoi         tok.o
    0x08006b22   0x00000002   PAD
    0x08006b24   0x00000038   Code   RO           10    i.nmea_error        context.o
    0x08006b5c   0x0000007a   Code   RO          479    i.nmea_find_tail    parse.o
    0x08006bd6   0x00000002   PAD
    0x08006bd8   0x00000038   Code   RO           11    i.nmea_info         context.o
    0x08006c10   0x0000004c   Code   RO          359    i.nmea_ndeg2degree  gmath.o
    0x08006c5c   0x000000fc   Code   RO          480    i.nmea_pack_type    parse.o
    0x08006d58   0x000000f4   Code   RO          657    i.nmea_parse        parser.o
    0x08006e4c   0x000000d0   Code   RO          481    i.nmea_parse_BDGSA  parse.o
    0x08006f1c   0x000000bc   Code   RO          482    i.nmea_parse_BDGSV  parse.o
    0x08006fd8   0x000000ec   Code   RO          483    i.nmea_parse_GNGGA  parse.o
    0x080070c4   0x000000bc   Code   RO          484    i.nmea_parse_GNGLL  parse.o
    0x08007180   0x000000f4   Code   RO          485    i.nmea_parse_GNRMC  parse.o
    0x08007274   0x000000d8   Code   RO          486    i.nmea_parse_GNVTG  parse.o
    0x0800734c   0x000000b8   Code   RO          487    i.nmea_parse_GNZDA  parse.o
    0x08007404   0x000000ec   Code   RO          488    i.nmea_parse_GPGGA  parse.o
    0x080074f0   0x000000d0   Code   RO          489    i.nmea_parse_GPGSA  parse.o
    0x080075c0   0x000000bc   Code   RO          490    i.nmea_parse_GPGSV  parse.o
    0x0800767c   0x000000f4   Code   RO          491    i.nmea_parse_GPRMC  parse.o
    0x08007770   0x00000070   Code   RO          492    i.nmea_parse_GPTXT  parse.o
    0x080077e0   0x000000d4   Code   RO          493    i.nmea_parse_GPVTG  parse.o
    0x080078b4   0x00000050   Code   RO          661    i.nmea_parser_init  parser.o
    0x08007904   0x00000022   Code   RO          663    i.nmea_parser_pop   parser.o
    0x08007926   0x0000002a   Code   RO          664    i.nmea_parser_push  parser.o
    0x08007950   0x00000300   Code   RO          666    i.nmea_parser_real_push  parser.o
    0x08007c50   0x00000008   Code   RO           12    i.nmea_property     context.o
    0x08007c58   0x00000198   Code   RO          826    i.nmea_scanf        tok.o
    0x08007df0   0x00000016   Code   RO          807    i.nmea_time_now     time.o
    0x08007e06   0x00000002   PAD
    0x08007e08   0x00000014   Code   RO           14    i.nmea_trace_buff   context.o
    0x08007e1c   0x0000001c   Code   RO          453    i.nmea_zero_INFO    info.o
    0x08007e38   0x0000000e   Code   RO         6161    i.osDelay           cmsis_os.o
    0x08007e46   0x0000000a   Code   RO         6164    i.osKernelStart     cmsis_os.o
    0x08007e50   0x00000006   Code   RO         6179    i.osMutexCreate     cmsis_os.o
    0x08007e56   0x0000002e   Code   RO         6198    i.osThreadCreate    cmsis_os.o
    0x08007e84   0x00000070   Code   RO         5864    i.prvAddCurrentTaskToDelayedList  tasks.o
    0x08007ef4   0x000000d0   Code   RO         5865    i.prvAddNewTaskToReadyList  tasks.o
    0x08007fc4   0x00000050   Code   RO         5866    i.prvCheckTasksWaitingTermination  tasks.o
    0x08008014   0x00000026   Code   RO         5727    i.prvCopyDataFromQueue  queue.o
    0x0800803a   0x0000006c   Code   RO         5728    i.prvCopyDataToQueue  queue.o
    0x080080a6   0x00000014   Code   RO         5867    i.prvDeleteTCB      tasks.o
    0x080080ba   0x00000002   PAD
    0x080080bc   0x0000004c   Code   RO         6529    i.prvHeapInit       heap_4.o
    0x08008108   0x00000028   Code   RO         5868    i.prvIdleTask       tasks.o
    0x08008130   0x0000009c   Code   RO         5869    i.prvInitialiseNewTask  tasks.o
    0x080081cc   0x0000004c   Code   RO         6530    i.prvInsertBlockIntoFreeList  heap_4.o
    0x08008218   0x0000001c   Code   RO         5729    i.prvIsQueueEmpty   queue.o
    0x08008234   0x00000020   Code   RO         5870    i.prvResetNextTaskUnblockTime  tasks.o
    0x08008254   0x00000028   Code   RO         6592    i.prvTaskExitError  port.o
    0x0800827c   0x0000006a   Code   RO         5730    i.prvUnlockQueue    queue.o
    0x080082e6   0x00000002   PAD
    0x080082e8   0x000000d8   Code   RO         6531    i.pvPortMalloc      heap_4.o
    0x080083c0   0x00000018   Code   RO         5872    i.pvTaskIncrementMutexHeldCount  tasks.o
    0x080083d8   0x00000024   Code   RO         6593    i.pxPortInitialiseStack  port.o
    0x080083fc   0x0000001c   Code   RO         6748    i.strtod            m_ws.l(strtod.o)
    0x08008418   0x00000024   Code   RO         5690    i.uxListRemove      list.o
    0x0800843c   0x00000016   Code   RO         5691    i.vListInitialise   list.o
    0x08008452   0x00000006   Code   RO         5692    i.vListInitialiseItem  list.o
    0x08008458   0x00000030   Code   RO         5693    i.vListInsert       list.o
    0x08008488   0x00000018   Code   RO         5694    i.vListInsertEnd    list.o
    0x080084a0   0x00000040   Code   RO         6595    i.vPortEnterCritical  port.o
    0x080084e0   0x00000028   Code   RO         6596    i.vPortExitCritical  port.o
    0x08008508   0x0000005c   Code   RO         6532    i.vPortFree         heap_4.o
    0x08008564   0x00000020   Code   RO         6597    i.vPortSetupTimerInterrupt  port.o
    0x08008584   0x0000004c   Code   RO         5879    i.vTaskDelay        tasks.o
    0x080085d0   0x0000000c   Code   RO         5882    i.vTaskMissedYield  tasks.o
    0x080085dc   0x00000030   Code   RO         5884    i.vTaskPlaceOnEventList  tasks.o
    0x0800860c   0x00000084   Code   RO         5886    i.vTaskPriorityInherit  tasks.o
    0x08008690   0x00000024   Code   RO         5889    i.vTaskSetTimeOutState  tasks.o
    0x080086b4   0x00000068   Code   RO         5890    i.vTaskStartScheduler  tasks.o
    0x0800871c   0x00000010   Code   RO         5892    i.vTaskSuspendAll   tasks.o
    0x0800872c   0x0000005c   Code   RO         5893    i.vTaskSwitchContext  tasks.o
    0x08008788   0x00000074   Code   RO         6599    i.xPortStartScheduler  port.o
    0x080087fc   0x00000024   Code   RO         5737    i.xQueueCreateMutex  queue.o
    0x08008820   0x00000048   Code   RO         5738    i.xQueueGenericCreate  queue.o
    0x08008868   0x0000016c   Code   RO         5739    i.xQueueGenericReceive  queue.o
    0x080089d4   0x00000088   Code   RO         5740    i.xQueueGenericReset  queue.o
    0x08008a5c   0x00000160   Code   RO         5741    i.xQueueGenericSend  queue.o
    0x08008bbc   0x0000006c   Code   RO         5894    i.xTaskCheckForTimeOut  tasks.o
    0x08008c28   0x00000056   Code   RO         5895    i.xTaskCreate       tasks.o
    0x08008c7e   0x00000002   PAD
    0x08008c80   0x0000001c   Code   RO         5899    i.xTaskGetSchedulerState  tasks.o
    0x08008c9c   0x0000000c   Code   RO         5900    i.xTaskGetTickCount  tasks.o
    0x08008ca8   0x000000c8   Code   RO         5902    i.xTaskIncrementTick  tasks.o
    0x08008d70   0x00000098   Code   RO         5905    i.xTaskPriorityDisinherit  tasks.o
    0x08008e08   0x00000074   Code   RO         5906    i.xTaskRemoveFromEventList  tasks.o
    0x08008e7c   0x000000c4   Code   RO         5908    i.xTaskResumeAll    tasks.o
    0x08008f40   0x000005f0   Data   RO         1322    .constdata          lcd.o
    0x08009530   0x000000ac   Data   RO         2187    .constdata          freertos.o
    0x080095dc   0x00000010   Data   RO         5562    .constdata          system_stm32f1xx.o
    0x080095ec   0x00000008   Data   RO         5563    .constdata          system_stm32f1xx.o
    0x080095f4   0x00000081   Data   RO         6765    .constdata          mc_w.l(ctype_o.o)
    0x08009675   0x00000003   PAD
    0x08009678   0x00000004   Data   RO         6766    .constdata          mc_w.l(ctype_o.o)
    0x0800967c   0x000000ee   Data   RO          495    .conststring        parse.o
    0x0800976a   0x00000002   PAD
    0x0800976c   0x00000113   Data   RO         2188    .conststring        freertos.o
    0x0800987f   0x00000001   PAD
    0x08009880   0x00000020   Data   RO         7201    Region$$Table       anon$$obj.o


    Execution Region RW_IRAM1 (Base: 0x20000000, Size: 0x0000d7c0, Max: 0x00010000, ABSOLUTE, COMPRESSED[0x000000e8])

    Base Addr    Size         Type   Attr      Idx    E Section Name        Object

    0x20000000   0x00000010   Data   RW           15    .data               context.o
    0x20000010   0x00000034   Data   RW          496    .data               parse.o
    0x20000044   0x00000001   Data   RW         1119    .data               esp8266.o
    0x20000045   0x00000002   Data   RW         1509    .data               neo6m.o
    0x20000047   0x00000008   Data   RW         1771    .data               ui.o
    0x2000004f   0x00000001   PAD
    0x20000050   0x000000b0   Data   RW         1901    .data               xpt2046.o
    0x20000100   0x00000038   Data   RW         2189    .data               freertos.o
    0x20000138   0x00000008   Data   RW         2257    .data               fsmc.o
    0x20000140   0x00000001   Data   RW         2416    .data               stm32f1xx_it.o
    0x20000141   0x00000003   PAD
    0x20000144   0x0000000c   Data   RW         4692    .data               stm32f1xx_hal.o
    0x20000150   0x00000004   Data   RW         5564    .data               system_stm32f1xx.o
    0x20000154   0x0000003c   Data   RW         5911    .data               tasks.o
    0x20000190   0x00000018   Data   RW         6537    .data               heap_4.o
    0x200001a8   0x0000000c   Data   RW         6600    .data               port.o
    0x200001b4   0x00000004   Data   RW         7151    .data               mc_w.l(stdout.o)
    0x200001b8   0x00000004   Data   RW         7163    .data               mc_w.l(errno.o)
    0x200001bc   0x00000100   Zero   RW          494    .bss                parse.o
    0x200002bc   0x00000402   Zero   RW         1118    .bss                esp8266.o
    0x200006be   0x00000200   Zero   RW         1508    .bss                neo6m.o
    0x200008be   0x00000002   PAD
    0x200008c0   0x00000030   Zero   RW         2118    .bss                adc.o
    0x200008f0   0x00000044   Zero   RW         2256    .bss                fsmc.o
    0x20000934   0x00000058   Zero   RW         2303    .bss                spi.o
    0x2000098c   0x00000104   Zero   RW         2348    .bss                usart.o
    0x20000a90   0x00000040   Zero   RW         2538    .bss                stm32f1xx_hal_timebase_tim.o
    0x20000ad0   0x000000f0   Zero   RW         5910    .bss                tasks.o
    0x20000bc0   0x0000c800   Zero   RW         6536    .bss                heap_4.o
    0x2000d3c0   0x00000400   Zero   RW            1    STACK               startup_stm32f103xe.o


==============================================================================

Image component sizes


      Code (inc. data)   RO Data    RW Data    ZI Data      Debug   Object Name

       168         22          0          0         48       1517   adc.o
        32         10          0          0          0     514309   beep.o
        88          0          0          0          0      12997   cmsis_os.o
       140         16          0         16          0       5323   context.o
        20          0          0          0          0        487   delay.o
       708         20          0          0          0      19570   dht11.o
        44          4          0          0          0        698   dma.o
       976        260          0          1       1026       8821   esp8266.o
         0          0          0          0          0       8040   event_groups.o
      1108        144        447         56          0       5472   freertos.o
       228         30          0          8         68       2007   fsmc.o
         0          0          0          0          0       3604   generate.o
         0          0          0          0          0       7776   generator.o
        76          8          0          0          0        559   gmath.o
       440         30          0          0          0       1047   gpio.o
       460         24          0         24      51200       7119   heap_4.o
       164          0          0          0          0       2529   hx711.o
        28          0          0          0          0        777   info.o
      1176         40       1520          0          0      13938   lcd.o
        48         10          0          0          0        799   led.o
       136          0          0          0          0       3278   list.o
       174          6          0          0          0       8163   main.o
       810        220          0          2        512       9316   neo6m.o
      4422       1154        238         52        256      20929   parse.o
      1168         52          0          0          0       5278   parser.o
       522         62          0         12          0       9984   port.o
      1240         14          0          0          0      10990   queue.o
      1216         36          0          0          0       8544   rc522.o
       184         24          0          0         88       1537   spi.o
        36          8        304          0       1024        784   startup_stm32f103xe.o
        64         14          0         12          0       5134   stm32f1xx_hal.o
      1230         58          0          0          0       6404   stm32f1xx_hal_adc.o
       200          6          0          0          0       1382   stm32f1xx_hal_adc_ex.o
       154         14          0          0          0      24906   stm32f1xx_hal_cortex.o
      1166         52          0          0          0       4338   stm32f1xx_hal_dma.o
       534         48          0          0          0       4511   stm32f1xx_hal_gpio.o
        72         10          0          0          0        806   stm32f1xx_hal_msp.o
      1372        108          0          0          0       5713   stm32f1xx_hal_rcc.o
       448         44          0          0          0       2517   stm32f1xx_hal_rcc_ex.o
       130          0          0          0          0       1027   stm32f1xx_hal_spi_ex.o
        86          0          0          0          0       1156   stm32f1xx_hal_sram.o
       586         20          0          0          0       6562   stm32f1xx_hal_tim.o
         4          0          0          0          0       1502   stm32f1xx_hal_tim_ex.o
       116         16          0          0         64       1339   stm32f1xx_hal_timebase_tim.o
      1716         24          0          0          0      12066   stm32f1xx_hal_uart.o
       372         98          0          1          0       6963   stm32f1xx_it.o
       280         12          0          0          0       2483   stm32f1xx_ll_fsmc.o
        72         16         24          4          0       1103   system_stm32f1xx.o
      2086        178          0         60        240      21761   tasks.o
        22          0          0          0          0        744   time.o
       496          0          0          0          0       5107   tok.o
      1766        312          0          8          0      10391   ui.o
       544         62          0          0        260       3435   usart.o
       834         32          0        176          0       8691   xpt2046.o

    ----------------------------------------------------------------------
     30214       3318       2568        436      54788     836233   Object Totals
         0          0         32          0          0          0   (incl. Generated)
        52          0          3          4          2          0   (incl. Padding)

    ----------------------------------------------------------------------

      Code (inc. data)   RO Data    RW Data    ZI Data      Debug   Library Member Name

        28          0          0          0          0         80   strtod.o
        86          0          0          0          0          0   __dczerorl2.o
        28          0          0          0          0         68   _chval.o
        64          0          0          0          0         84   _sgetc.o
       158          0          0          0          0         92   _strtoul.o
         8          4        133          0          0         68   ctype_o.o
         0          0          0          0          0          0   entry.o
         0          0          0          0          0          0   entry10a.o
         0          0          0          0          0          0   entry11a.o
         8          4          0          0          0          0   entry2.o
         4          0          0          0          0          0   entry5.o
         0          0          0          0          0          0   entry7b.o
         0          0          0          0          0          0   entry8b.o
         8          4          0          0          0          0   entry9a.o
         8          4          0          4          0         68   errno.o
        30          0          0          0          0          0   handlers.o
        36          8          0          0          0         68   init.o
        18          0          0          0          0         76   isspace_o.o
         0          0          0          0          0          0   iusefp.o
        30          0          0          0          0         68   llshl.o
        36          0          0          0          0         68   llsshr.o
        32          0          0          0          0         68   llushr.o
        20          0          0          0          0         68   memchr.o
        26          0          0          0          0         80   memcmp.o
        36          0          0          0          0         68   memcpya.o
        36          0          0          0          0        108   memseta.o
      2422        104          0          0          0        836   printfa.o
       838         12          0          0          0        216   scanf_fp.o
         0          0          0          4          0          0   stdout.o
        28          0          0          0          0         76   strcmp.o
        14          0          0          0          0         68   strlen.o
        36          0          0          0          0         80   strstr.o
       156         12          0          0          0        120   strtod.o
       112          0          0          0          0         88   strtol.o
        44          0          0          0          0         80   uidiv.o
        98          0          0          0          0         92   uldiv.o
        48          0          0          0          0         68   cdrcmple.o
        56          0          0          0          0         88   d2f.o
       334          0          0          0          0        148   dadd.o
       222          0          0          0          0        100   ddiv.o
       186          0          0          0          0        176   depilogue.o
        62          0          0          0          0         80   dfixi.o
        48          0          0          0          0         68   dfixul.o
        34          0          0          0          0         76   dflti.o
        24          0          0          0          0         76   dfltul.o
       228          0          0          0          0         96   dmul.o
       176          0          0          0          0        140   fadd.o
       110          0          0          0          0        168   fepilogue.o
        50          0          0          0          0         68   ffixi.o
        18          0          0          0          0         68   fflti.o
       100          0          0          0          0         76   fmul.o

    ----------------------------------------------------------------------
      6154        152        136          8          0       4284   Library Totals
        10          0          3          0          0          0   (incl. Padding)

    ----------------------------------------------------------------------

      Code (inc. data)   RO Data    RW Data    ZI Data      Debug   Library Name

        28          0          0          0          0         80   m_ws.l
      4420        152        133          8          0       2708   mc_w.l
      1696          0          0          0          0       1496   mf_w.l

    ----------------------------------------------------------------------
      6154        152        136          8          0       4284   Library Totals

    ----------------------------------------------------------------------

==============================================================================


      Code (inc. data)   RO Data    RW Data    ZI Data      Debug   

     36368       3470       2704        444      54788     823381   Grand Totals
     36368       3470       2704        232      54788     823381   ELF Image Totals (compressed)
     36368       3470       2704        232          0          0   ROM Totals

==============================================================================

    Total RO  Size (Code + RO Data)                39072 (  38.16kB)
    Total RW  Size (RW Data + ZI Data)             55232 (  53.94kB)
    Total ROM Size (Code + RO Data + RW Data)      39304 (  38.38kB)

==============================================================================

